
 Start         Length     Name                   Class
 0001:00401000 000C8C38H .text                   CODE
 0002:004CA000 00000CC8H .itext                  ICODE
 0003:004CB000 00003808H .data                   DATA
 0004:004CF000 00008BF0H .bss                    BSS
 0005:00000000 0000003CH .tls                    TLS


Detailed map of segments

 0001:00000000 000092C1 C=CODE     S=.text    G=(none)   M=System   ACBP=A9
 0001:000092C4 0000010D C=CODE     S=.text    G=(none)   M=SysInit  ACBP=A9
 0001:000093D4 00000428 C=CODE     S=.text    G=(none)   M=Types    ACBP=A9
 0001:000097FC 000019D9 C=CODE     S=.text    G=(none)   M=Windows  ACBP=A9
 0001:0000B1D8 00000006 C=CODE     S=.text    G=(none)   M=SHFolder ACBP=A9
 0001:0000B1E0 00004847 C=CODE     S=.text    G=(none)   M=FastMM4  ACBP=A9
 0001:0000FA28 0000023D C=CODE     S=.text    G=(none)   M=Messages ACBP=A9
 0001:0000FC68 00000172 C=CODE     S=.text    G=(none)   M=ActiveX  ACBP=A9
 0001:0000FDDC 00000116 C=CODE     S=.text    G=(none)   M=CommCtrl ACBP=A9
 0001:0000FEF4 00000330 C=CODE     S=.text    G=(none)   M=SysConst ACBP=A9
 0001:00010224 000001A0 C=CODE     S=.text    G=(none)   M=RTLConsts ACBP=A9
 0001:000103C4 00000230 C=CODE     S=.text    G=(none)   M=Character ACBP=A9
 0001:000105F4 00000047 C=CODE     S=.text    G=(none)   M=Math     ACBP=A9
 0001:0001063C 00000131 C=CODE     S=.text    G=(none)   M=StrUtils ACBP=A9
 0001:00010770 0000C8AF C=CODE     S=.text    G=(none)   M=SysUtils ACBP=A9
 0001:0001D020 000007D3 C=CODE     S=.text    G=(none)   M=VarUtils ACBP=A9
 0001:0001D7F4 0000818C C=CODE     S=.text    G=(none)   M=Variants ACBP=A9
 0001:00025980 0000180B C=CODE     S=.text    G=(none)   M=TypInfo  ACBP=A9
 0001:0002718C 00019320 C=CODE     S=.text    G=(none)   M=Classes  ACBP=A9
 0001:000404AC 000002B0 C=CODE     S=.text    G=(none)   M=TimeSpan ACBP=A9
 0001:0004075C 000014EB C=CODE     S=.text    G=(none)   M=SyncObjs ACBP=A9
 0001:00041C48 00000D46 C=CODE     S=.text    G=(none)   M=UxTheme  ACBP=A9
 0001:00042990 0000005B C=CODE     S=.text    G=(none)   M=Dwmapi   ACBP=A9
 0001:000429EC 0000038D C=CODE     S=.text    G=(none)   M=Contnrs  ACBP=A9
 0001:00042D7C 00001FDE C=CODE     S=.text    G=(none)   M=HelpIntfs ACBP=A9
 0001:00044D5C 0000086B C=CODE     S=.text    G=(none)   M=MultiMon ACBP=A9
 0001:000455C8 00000270 C=CODE     S=.text    G=(none)   M=Consts   ACBP=A9
 0001:00045838 000000FC C=CODE     S=.text    G=(none)   M=IOUtils  ACBP=A9
 0001:00045934 0000007F C=CODE     S=.text    G=(none)   M=IniFiles ACBP=A9
 0001:000459B4 000030A2 C=CODE     S=.text    G=(none)   M=Registry ACBP=A9
 0001:00048A58 0000D524 C=CODE     S=.text    G=(none)   M=Graphics ACBP=A9
 0001:00055F7C 0000178A C=CODE     S=.text    G=(none)   M=GraphUtil ACBP=A9
 0001:00057708 00005C58 C=CODE     S=.text    G=(none)   M=StdCtrls ACBP=A9
 0001:0005D360 00000026 C=CODE     S=.text    G=(none)   M=WinSpool ACBP=A9
 0001:0005D388 00001DDB C=CODE     S=.text    G=(none)   M=Printers ACBP=A9
 0001:0005F164 00000013 C=CODE     S=.text    G=(none)   M=Clipbrd  ACBP=A9
 0001:0005F178 000003FF C=CODE     S=.text    G=(none)   M=ExtCtrls ACBP=A9
 0001:0005F578 00000415 C=CODE     S=.text    G=(none)   M=ComCtrls ACBP=A9
 0001:0005F990 000009E4 C=CODE     S=.text    G=(none)   M=Dialogs  ACBP=A9
 0001:00060374 00000189 C=CODE     S=.text    G=(none)   M=StdActns ACBP=A9
 0001:00060500 00000387 C=CODE     S=.text    G=(none)   M=FlatSB   ACBP=A9
 0001:00060888 00009E75 C=CODE     S=.text    G=(none)   M=Menus    ACBP=A9
 0001:0006A700 0001F6D4 C=CODE     S=.text    G=(none)   M=Controls ACBP=A9
 0001:00089DD4 0000580E C=CODE     S=.text    G=(none)   M=Themes   ACBP=A9
 0001:0008F5E4 00003961 C=CODE     S=.text    G=(none)   M=ImgList  ACBP=A9
 0001:00092F48 0000235F C=CODE     S=.text    G=(none)   M=ActnList ACBP=A9
 0001:000952A8 000156DD C=CODE     S=.text    G=(none)   M=Forms    ACBP=A9
 0001:000AA988 00000093 C=CODE     S=.text    G=(none)   M=CP.Def   ACBP=A9
 0001:000AAA1C 000004D6 C=CODE     S=.text    G=(none)   M=CP.Image ACBP=A9
 0001:000AAEF4 0000048F C=CODE     S=.text    G=(none)   M=CP.IntegralImage ACBP=A9
 0001:000AB384 000006E5 C=CODE     S=.text    G=(none)   M=CP.Filter ACBP=A9
 0001:000ABA6C 00000165 C=CODE     S=.text    G=(none)   M=CP.AudioConsumer ACBP=A9
 0001:000ABBD4 00002B89 C=CODE     S=.text    G=(none)   M=libavutil_error ACBP=A9
 0001:000AE760 0000005E C=CODE     S=.text    G=(none)   M=libavcodec ACBP=A9
 0001:000AE7C0 00000732 C=CODE     S=.text    G=(none)   M=CP.SilenceRemover ACBP=A9
 0001:000AEEF4 00000224 C=CODE     S=.text    G=(none)   M=CP.Utils ACBP=A9
 0001:000AF118 0000006A C=CODE     S=.text    G=(none)   M=libavcodec_avfft ACBP=A9
 0001:000AF184 0000000E C=CODE     S=.text    G=(none)   M=libavutil_mem ACBP=A9
 0001:000AF194 000003A9 C=CODE     S=.text    G=(none)   M=CP.AVFFT ACBP=A9
 0001:000AF540 000004F4 C=CODE     S=.text    G=(none)   M=CP.CombinedBuffer ACBP=A9
 0001:000AFA34 00000B2D C=CODE     S=.text    G=(none)   M=CP.FFT   ACBP=A9
 0001:000B0564 00000807 C=CODE     S=.text    G=(none)   M=CP.AudioProcessor ACBP=A9
 0001:000B0D6C 00000355 C=CODE     S=.text    G=(none)   M=CP.AudioBuffer ACBP=A9
 0001:000B10C4 00000C67 C=CODE     S=.text    G=(none)   M=CP.FeatureVectorConsumer ACBP=A9
 0001:000B1D2C 00000640 C=CODE     S=.text    G=(none)   M=CP.Chroma ACBP=A9
 0001:000B236C 0000025C C=CODE     S=.text    G=(none)   M=CP.Quantizer ACBP=A9
 0001:000B25C8 00000306 C=CODE     S=.text    G=(none)   M=CP.Classifier ACBP=A9
 0001:000B28D0 00001DAF C=CODE     S=.text    G=(none)   M=CP.FingerprinterConfiguration ACBP=A9
 0001:000B4680 000003E5 C=CODE     S=.text    G=(none)   M=CP.FingerprintCalculator ACBP=A9
 0001:000B4A68 0000022F C=CODE     S=.text    G=(none)   M=CP.Imagebuilder ACBP=A9
 0001:000B4C98 000006A5 C=CODE     S=.text    G=(none)   M=CP.Fingerprint ACBP=A9
 0001:000B5340 000006CB C=CODE     S=.text    G=(none)   M=CP.BitString ACBP=A9
 0001:000B5A0C 0000094E C=CODE     S=.text    G=(none)   M=CP.FingerprintCompressor ACBP=A9
 0001:000B635C 00000362 C=CODE     S=.text    G=(none)   M=CP.Base64 ACBP=A9
 0001:000B66C0 00001069 C=CODE     S=.text    G=(none)   M=CP.ChromaPrint ACBP=A9
 0001:000B772C 00000144 C=CODE     S=.text    G=(none)   M=CP.TestUtils ACBP=A9
 0001:000B7870 0000BB39 C=CODE     S=.text    G=(none)   M=MainUnit ACBP=A9
 0001:000C33AC 0000588A C=CODE     S=.text    G=(none)   M=ChromaTest ACBP=A9
 0002:00000000 000000AA C=ICODE    S=.itext   G=(none)   M=System   ACBP=A9
 0002:000000AC 00000016 C=ICODE    S=.itext   G=(none)   M=Windows  ACBP=A9
 0002:000000C4 00000021 C=ICODE    S=.itext   G=(none)   M=FastMM4  ACBP=A9
 0002:000000E8 000000B4 C=ICODE    S=.itext   G=(none)   M=SysUtils ACBP=A9
 0002:0000019C 0000000F C=ICODE    S=.itext   G=(none)   M=VarUtils ACBP=A9
 0002:000001AC 000000AA C=ICODE    S=.itext   G=(none)   M=Variants ACBP=A9
 0002:00000258 00000008 C=ICODE    S=.itext   G=(none)   M=TypInfo  ACBP=A9
 0002:00000260 0000009D C=ICODE    S=.itext   G=(none)   M=Classes  ACBP=A9
 0002:00000300 00000032 C=ICODE    S=.itext   G=(none)   M=TimeSpan ACBP=A9
 0002:00000334 0000000F C=ICODE    S=.itext   G=(none)   M=SyncObjs ACBP=A9
 0002:00000344 0000001B C=ICODE    S=.itext   G=(none)   M=UxTheme  ACBP=A9
 0002:00000360 00000008 C=ICODE    S=.itext   G=(none)   M=HelpIntfs ACBP=A9
 0002:00000368 0000000F C=ICODE    S=.itext   G=(none)   M=MultiMon ACBP=A9
 0002:00000378 00000460 C=ICODE    S=.itext   G=(none)   M=IOUtils  ACBP=A9
 0002:000007D8 00000008 C=ICODE    S=.itext   G=(none)   M=IniFiles ACBP=A9
 0002:000007E0 00000008 C=ICODE    S=.itext   G=(none)   M=Registry ACBP=A9
 0002:000007E8 000000FB C=ICODE    S=.itext   G=(none)   M=Graphics ACBP=A9
 0002:000008E4 00000086 C=ICODE    S=.itext   G=(none)   M=GraphUtil ACBP=A9
 0002:0000096C 00000008 C=ICODE    S=.itext   G=(none)   M=Printers ACBP=A9
 0002:00000974 00000078 C=ICODE    S=.itext   G=(none)   M=Clipbrd  ACBP=A9
 0002:000009EC 00000054 C=ICODE    S=.itext   G=(none)   M=ExtCtrls ACBP=A9
 0002:00000A40 00000039 C=ICODE    S=.itext   G=(none)   M=ComCtrls ACBP=A9
 0002:00000A7C 0000003D C=ICODE    S=.itext   G=(none)   M=Dialogs  ACBP=A9
 0002:00000ABC 0000000F C=ICODE    S=.itext   G=(none)   M=FlatSB   ACBP=A9
 0002:00000ACC 00000085 C=ICODE    S=.itext   G=(none)   M=Menus    ACBP=A9
 0002:00000B54 00000088 C=ICODE    S=.itext   G=(none)   M=Controls ACBP=A9
 0002:00000BDC 00000008 C=ICODE    S=.itext   G=(none)   M=Themes   ACBP=A9
 0002:00000BE4 0000002A C=ICODE    S=.itext   G=(none)   M=ActnList ACBP=A9
 0002:00000C10 0000005C C=ICODE    S=.itext   G=(none)   M=Forms    ACBP=A9
 0002:00000C6C 00000008 C=ICODE    S=.itext   G=(none)   M=libavutil_error ACBP=A9
 0002:00000C74 00000053 C=ICODE    S=.itext   G=(none)   M=ChromaTest ACBP=A9
 0003:00000000 000009F4 C=DATA     S=.data    G=DGROUP   M=System   ACBP=A9
 0003:000009F4 00000024 C=DATA     S=.data    G=DGROUP   M=SysInit  ACBP=A9
 0003:00000A18 0000000C C=DATA     S=.data    G=DGROUP   M=Windows  ACBP=A9
 0003:00000A24 00000764 C=DATA     S=.data    G=DGROUP   M=FastMM4  ACBP=A9
 0003:00001188 00000100 C=DATA     S=.data    G=DGROUP   M=Character ACBP=A9
 0003:00001288 000002E0 C=DATA     S=.data    G=DGROUP   M=SysUtils ACBP=A9
 0003:00001568 00000008 C=DATA     S=.data    G=DGROUP   M=VarUtils ACBP=A9
 0003:00001570 00000152 C=DATA     S=.data    G=DGROUP   M=Variants ACBP=A9
 0003:000016C4 0000000C C=DATA     S=.data    G=DGROUP   M=TypInfo  ACBP=A9
 0003:000016D0 000000A4 C=DATA     S=.data    G=DGROUP   M=Classes  ACBP=A9
 0003:00001774 00000010 C=DATA     S=.data    G=DGROUP   M=IOUtils  ACBP=A9
 0003:00001784 0000000C C=DATA     S=.data    G=DGROUP   M=IniFiles ACBP=A9
 0003:00001790 00000024 C=DATA     S=.data    G=DGROUP   M=Registry ACBP=A9
 0003:000017B4 000003C8 C=DATA     S=.data    G=DGROUP   M=Graphics ACBP=A9
 0003:00001B7C 00000450 C=DATA     S=.data    G=DGROUP   M=GraphUtil ACBP=A9
 0003:00001FCC 000000B8 C=DATA     S=.data    G=DGROUP   M=StdCtrls ACBP=A9
 0003:00002084 0000000C C=DATA     S=.data    G=DGROUP   M=Printers ACBP=A9
 0003:00002090 00000010 C=DATA     S=.data    G=DGROUP   M=ComCtrls ACBP=A9
 0003:000020A0 0000007C C=DATA     S=.data    G=DGROUP   M=Dialogs  ACBP=A9
 0003:0000211C 00000144 C=DATA     S=.data    G=DGROUP   M=Menus    ACBP=A9
 0003:00002260 000001BC C=DATA     S=.data    G=DGROUP   M=Controls ACBP=A9
 0003:0000241C 00000068 C=DATA     S=.data    G=DGROUP   M=Themes   ACBP=A9
 0003:00002484 00000048 C=DATA     S=.data    G=DGROUP   M=ImgList  ACBP=A9
 0003:000024CC 00000144 C=DATA     S=.data    G=DGROUP   M=Forms    ACBP=A9
 0003:00002610 00000008 C=DATA     S=.data    G=DGROUP   M=CP.Def   ACBP=A9
 0003:00002618 000006D0 C=DATA     S=.data    G=DGROUP   M=libavutil_error ACBP=A9
 0003:00002CE8 00000004 C=DATA     S=.data    G=DGROUP   M=CP.Utils ACBP=A9
 0003:00002CEC 00000104 C=DATA     S=.data    G=DGROUP   M=CP.Base64 ACBP=A9
 0003:00002DF0 00000540 C=DATA     S=.data    G=DGROUP   M=MainUnit ACBP=A9
 0004:00000000 00002C38 C=BSS      S=.bss     G=DGROUP   M=System   ACBP=A9
 0004:00002C38 0000000C C=BSS      S=.bss     G=DGROUP   M=SysInit  ACBP=A9
 0004:00002C44 00000008 C=BSS      S=.bss     G=DGROUP   M=Windows  ACBP=A9
 0004:00002C4C 0000393F C=BSS      S=.bss     G=DGROUP   M=FastMM4  ACBP=A9
 0004:0000658C 0000001C C=BSS      S=.bss     G=DGROUP   M=Character ACBP=A9
 0004:000065A8 00002240 C=BSS      S=.bss     G=DGROUP   M=SysUtils ACBP=A9
 0004:000087E8 0000005C C=BSS      S=.bss     G=DGROUP   M=VarUtils ACBP=A9
 0004:00008844 00000040 C=BSS      S=.bss     G=DGROUP   M=Variants ACBP=A9
 0004:00008884 00000004 C=BSS      S=.bss     G=DGROUP   M=TypInfo  ACBP=A9
 0004:00008888 00000048 C=BSS      S=.bss     G=DGROUP   M=Classes  ACBP=A9
 0004:000088D0 00000014 C=BSS      S=.bss     G=DGROUP   M=TimeSpan ACBP=A9
 0004:000088E4 00000018 C=BSS      S=.bss     G=DGROUP   M=SyncObjs ACBP=A9
 0004:000088FC 000000CC C=BSS      S=.bss     G=DGROUP   M=UxTheme  ACBP=A9
 0004:000089C8 00000008 C=BSS      S=.bss     G=DGROUP   M=HelpIntfs ACBP=A9
 0004:000089D0 00000031 C=BSS      S=.bss     G=DGROUP   M=MultiMon ACBP=A9
 0004:00008A04 00000024 C=BSS      S=.bss     G=DGROUP   M=IOUtils  ACBP=A9
 0004:00008A28 00000004 C=BSS      S=.bss     G=DGROUP   M=IniFiles ACBP=A9
 0004:00008A2C 00000004 C=BSS      S=.bss     G=DGROUP   M=Registry ACBP=A9
 0004:00008A30 00000064 C=BSS      S=.bss     G=DGROUP   M=Graphics ACBP=A9
 0004:00008A94 00000010 C=BSS      S=.bss     G=DGROUP   M=GraphUtil ACBP=A9
 0004:00008AA4 00000004 C=BSS      S=.bss     G=DGROUP   M=Printers ACBP=A9
 0004:00008AA8 0000000C C=BSS      S=.bss     G=DGROUP   M=Clipbrd  ACBP=A9
 0004:00008AB4 00000008 C=BSS      S=.bss     G=DGROUP   M=ExtCtrls ACBP=A9
 0004:00008ABC 00000010 C=BSS      S=.bss     G=DGROUP   M=ComCtrls ACBP=A9
 0004:00008ACC 0000000C C=BSS      S=.bss     G=DGROUP   M=Dialogs  ACBP=A9
 0004:00008AD8 00000034 C=BSS      S=.bss     G=DGROUP   M=FlatSB   ACBP=A9
 0004:00008B0C 00000010 C=BSS      S=.bss     G=DGROUP   M=Menus    ACBP=A9
 0004:00008B1C 0000008C C=BSS      S=.bss     G=DGROUP   M=Controls ACBP=A9
 0004:00008BA8 0000000C C=BSS      S=.bss     G=DGROUP   M=Themes   ACBP=A9
 0004:00008BB4 00000008 C=BSS      S=.bss     G=DGROUP   M=ImgList  ACBP=A9
 0004:00008BBC 00000004 C=BSS      S=.bss     G=DGROUP   M=ActnList ACBP=A9
 0004:00008BC0 00000028 C=BSS      S=.bss     G=DGROUP   M=Forms    ACBP=A9
 0004:00008BE8 00000004 C=BSS      S=.bss     G=DGROUP   M=libavutil_error ACBP=A9
 0004:00008BEC 00000004 C=BSS      S=.bss     G=DGROUP   M=MainUnit ACBP=A9
 0005:00000000 00000008 C=TLS      S=.tls     G=(none)   M=System   ACBP=A9
 0005:00000008 0000000C C=TLS      S=.tls     G=(none)   M=Classes  ACBP=A9
 0005:00000014 00000004 C=TLS      S=.tls     G=(none)   M=SyncObjs ACBP=A9
 0005:00000018 00000024 C=TLS      S=.tls     G=(none)   M=GraphUtil ACBP=A9


  Address             Publics by Name

 0001:0000FDCC       ActiveX.OleInitialize
 0001:0000FDD4       ActiveX.OleUninitialize
 0004:00008BBC       ActnList..9
 0001:00094130       ActnList..TActionLink
 0001:00093250       ActnList..TActionListEnumerator
 0001:00092F48       ActnList..TContainedAction
 0001:00093AFC       ActnList..TCustomAction
 0001:000934C0       ActnList..TCustomActionList
 0001:000938D4       ActnList..TShortCutList
 0002:00000BE4       ActnList.ActnList
 0001:000952A0       ActnList.Finalization
 0001:000948E8       ActnList.TActionLink.IsCaptionLinked
 0001:000948FC       ActnList.TActionLink.IsCheckedLinked
 0001:00094910       ActnList.TActionLink.IsEnabledLinked
 0001:00094924       ActnList.TActionLink.IsGroupIndexLinked
 0001:00094938       ActnList.TActionLink.IsHelpContextLinked
 0001:0009494C       ActnList.TActionLink.IsHelpLinked
 0001:00094960       ActnList.TActionLink.IsHintLinked
 0001:00094974       ActnList.TActionLink.IsImageIndexLinked
 0001:00094988       ActnList.TActionLink.IsShortCutLinked
 0001:0009499C       ActnList.TActionLink.IsVisibleLinked
 0001:000949B0       ActnList.TActionLink.SetAutoCheck
 0001:000949B4       ActnList.TActionLink.SetCaption
 0001:000949B8       ActnList.TActionLink.SetChecked
 0001:000949BC       ActnList.TActionLink.SetEnabled
 0001:000949C0       ActnList.TActionLink.SetGroupIndex
 0001:000949C4       ActnList.TActionLink.SetHelpContext
 0001:000949C8       ActnList.TActionLink.SetHelpKeyword
 0001:000949CC       ActnList.TActionLink.SetHelpType
 0001:000949D0       ActnList.TActionLink.SetHint
 0001:000949D4       ActnList.TActionLink.SetImageIndex
 0001:000949D8       ActnList.TActionLink.SetShortCut
 0001:000949DC       ActnList.TActionLink.SetVisible
 0001:0009444C       ActnList.TActionListEnumerator.Create
 0001:00094490       ActnList.TActionListEnumerator.GetCurrent
 0001:0009449C       ActnList.TActionListEnumerator.MoveNext
 0001:00094238       ActnList.TContainedAction.Destroy
 0001:000943A4       ActnList.TContainedAction.Execute
 0001:0009426C       ActnList.TContainedAction.GetIndex
 0001:00094288       ActnList.TContainedAction.GetParentComponent
 0001:00094298       ActnList.TContainedAction.HasParent
 0001:00094284       ActnList.TContainedAction.IsCategoryStored
 0001:000942A8       ActnList.TContainedAction.ReadState
 0001:00094350       ActnList.TContainedAction.SetActionList
 0001:00094324       ActnList.TContainedAction.SetCategory
 0001:000942DC       ActnList.TContainedAction.SetIndex
 0001:00094378       ActnList.TContainedAction.SetParentComponent
 0001:000943FC       ActnList.TContainedAction.Update
 0001:00094A8C       ActnList.TCustomAction.AssignTo
 0001:000949E0       ActnList.TCustomAction.Create
 0001:00094A34       ActnList.TCustomAction.Destroy
 0001:00095118       ActnList.TCustomAction.DoHint
 0001:00095140       ActnList.TCustomAction.Execute
 0001:000951A4       ActnList.TCustomAction.GetSecondaryShortCuts
 0001:00095224       ActnList.TCustomAction.HandleShortCut
 0001:00095200       ActnList.TCustomAction.IsSecondaryShortCutsStored
 0001:00094B98       ActnList.TCustomAction.SetAutoCheck
 0001:00094BF8       ActnList.TCustomAction.SetCaption
 0001:00094C58       ActnList.TCustomAction.SetChecked
 0001:00094D60       ActnList.TCustomAction.SetEnabled
 0001:00094DDC       ActnList.TCustomAction.SetGroupIndex
 0001:00094EF4       ActnList.TCustomAction.SetHelpContext
 0001:00094E8C       ActnList.TCustomAction.SetHelpKeyword
 0001:00094E34       ActnList.TCustomAction.SetHelpType
 0001:00094F4C       ActnList.TCustomAction.SetHint
 0001:00094FAC       ActnList.TCustomAction.SetImageIndex
 0001:000950CC       ActnList.TCustomAction.SetName
 0001:000951CC       ActnList.TCustomAction.SetSecondaryShortCuts
 0001:00095008       ActnList.TCustomAction.SetShortCut
 0001:0009506C       ActnList.TCustomAction.SetVisible
 0001:000946B0       ActnList.TCustomActionList.AddAction
 0001:000946F8       ActnList.TCustomActionList.Change
 0001:000944B8       ActnList.TCustomActionList.Create
 0001:00094524       ActnList.TCustomActionList.Destroy
 0001:00094804       ActnList.TCustomActionList.ExecuteAction
 0001:000945F4       ActnList.TCustomActionList.GetAction
 0001:00094608       ActnList.TCustomActionList.GetActionCount
 0001:0009457C       ActnList.TCustomActionList.GetChildren
 0001:00094610       ActnList.TCustomActionList.GetEnumerator
 0001:00094654       ActnList.TCustomActionList.ImageListChange
 0001:00094760       ActnList.TCustomActionList.IsShortCut
 0001:00094660       ActnList.TCustomActionList.Notification
 0001:000946D0       ActnList.TCustomActionList.RemoveAction
 0001:000945C4       ActnList.TCustomActionList.SetChildOrder
 0001:00094620       ActnList.TCustomActionList.SetImages
 0001:00094844       ActnList.TCustomActionList.SetState
 0001:00094824       ActnList.TCustomActionList.UpdateAction
 0001:00095230       ActnList.TShortCutList.Add
 0001:0009525C       ActnList.TShortCutList.IndexOfShortCut
 0004:00006598       Character.CategoryTable
 0004:00006590       Character.CatIndexPrimary
 0004:00006594       Character.CatIndexSecondary
 0004:0000658C       Character.DataTable
 0003:00001188       Character.Latin1Categories
 0004:000065A4       Character.NumericValueTable
 0004:0000659C       Character.NumIndexPrimary
 0004:000065A0       Character.NumIndexSecondary
 0001:000103C4       Character.TCharacter.CheckLetter
 0001:000103D0       Character.TCharacter.CheckLetterOrDigit
 0001:000104EC       Character.TCharacter.GetUnicodeCategory
 0001:0001054C       Character.TCharacter.Initialize
 0001:000104E0       Character.TCharacter.IsAscii
 0001:000103E0       Character.TCharacter.IsLatin1
 0001:000103EC       Character.TCharacter.IsLetter
 0001:00010478       Character.TCharacter.IsLetterOrDigit
 0002:00000C74       ChromaTest.ChromaTest
 0001:000C33AC       ChromaTest.Finalization
 0004:00008898       Classes..66
 0001:00027AC0       Classes..EBitsError
 0001:00027858       Classes..EClassNotFound
 0001:00027BF8       Classes..EComponentError
 0001:00027560       Classes..EFCreateError
 0001:00027694       Classes..EFilerError
 0001:00027464       Classes..EFileStreamError
 0001:000275FC       Classes..EFOpenError
 0001:000278F4       Classes..EInvalidImage
 0001:00027D38       Classes..EInvalidOperation
 0001:00027A2C       Classes..EListError
 0001:00027C98       Classes..EOutOfResources
 0001:0002772C       Classes..EReadError
 0001:00027990       Classes..EResNotFound
 0001:000273C8       Classes..EStreamError
 0001:00027B54       Classes..EStringListError
 0001:0002EC1C       Classes..EThread
 0001:000277C0       Classes..EWriteError
 0001:000305C4       Classes..TBasicAction
 0001:000303A8       Classes..TBasicActionLink
 0001:00028AE0       Classes..TBits
 0001:0002C51C       Classes..TClassFinder
 0001:00029364       Classes..TCollection
 0001:000291C0       Classes..TCollectionEnumerator
 0001:00028F54       Classes..TCollectionItem
 0001:0002FA60       Classes..TComponent
 0001:0003F0E4       Classes..TComponent.FindComponent$ActRec
 0001:0002F608       Classes..TComponentEnumerator
 0001:0002B760       Classes..TCustomMemoryStream
 0001:0002C8F0       Classes..TFiler
 0001:0002B57C       Classes..TFileStream
 0001:0002B364       Classes..THandleStream
 0001:00032478       Classes..TIntConst
 0001:00028DE0       Classes..TInterfacedPersistent
 0001:00028114       Classes..TList
 0001:000333A4       Classes..TList.Sort$ActRec
 0001:00027F40       Classes..TListEnumerator
 0001:0002B9A8       Classes..TMemoryStream
 0001:00028C18       Classes..TPersistent
 0001:000376AC       Classes..TPropFixup
 0001:000378D8       Classes..TPropIntfFixup
 0001:0002D308       Classes..TReader
 0001:00030B58       Classes..TRegGroup
 0001:00030FB8       Classes..TRegGroups
 0001:0002BBF0       Classes..TResourceStream
 0001:0002AD58       Classes..TStream
 0001:0002BF70       Classes..TStreamAdapter
 0001:0002A6DC       Classes..TStringList
 0001:00029A64       Classes..TStrings
 0001:000298BC       Classes..TStringsEnumerator
 0001:0002EE10       Classes..TThread
 0001:00028828       Classes..TThreadList
 0001:0002E210       Classes..TWriter
 0001:00032404       Classes.ActivateClassGroup
 0003:000016D0       Classes.AddDataModule
 0001:00037C04       Classes.AddFinished
 0001:00037C3C       Classes.AddNotFinished
 0001:000388A8       Classes.AddSubComponentsToLoaded
 0001:00040250       Classes.AllocateHWnd
 0001:0003BE44       Classes.AncestorIsValid
 0003:000016E0       Classes.ApplicationHandleException
 0003:000016E8       Classes.ApplicationShowException
 0001:000328E4       Classes.BeginGlobalLoading
 0003:00001748       Classes.BlockCode
 0001:00030B1C       Classes.Bounds
 0001:000400B0       Classes.CalcJmpOffset
 0001:000388E4       Classes.CheckSubComponents
 0001:0003D99C       Classes.CheckSynchronize
 0002:00000270       Classes.Classes
 0001:00032148       Classes.ClassNotFound
 0001:00040164       Classes.CleanupInstFreeList
 0001:00032B84       Classes.CollectionsEqual
 0001:000389C4       Classes.ComponentCreated
 0001:0003A8E4       Classes.CopyBinary
 0001:0003A854       Classes.CopyBytes
 0001:0003A808       Classes.CopyList
 0001:0003A780       Classes.CopySetBody
 0001:00038A44       Classes.CreateComponent
 0003:000016F0       Classes.CreateVCLComObjectProc
 0001:00040304       Classes.DeallocateHWnd
 0001:0003D8C4       Classes.DoneThreadSynchronization
 0001:000349E8       Classes.DoWrite
 0003:00001700       Classes.Dummy32bitResHeader
 0001:0004032C       Classes.EFileStreamError.Create
 0001:0003296C       Classes.EndGlobalLoading
 0001:000374E4       Classes.Error
 0001:00031BEC       Classes.Error
 0004:000088C4       Classes.ExternalThreads
 0003:000016FC       Classes.FilerSignature
 0001:000403DC       Classes.Finalization
 0001:0003B534       Classes.FindAncestor
 0001:00032220       Classes.FindClass
 0001:00038BF4       Classes.FindExistingComponent
 0001:000327FC       Classes.FindGlobalComponent
 0004:000088A4       Classes.FindGlobalComponentProcs
 0001:000326A0       Classes.FindIdentToInt
 0001:00032624       Classes.FindIntToIdent
 0001:0003C2B8       Classes.FindMethodName
 0001:00037B0C       Classes.FindNestedComponent
 0001:00039C70       Classes.FindUniqueName
 0001:0003D8DC       Classes.FreeExternalThreads
 0001:00040010       Classes.FreeIntConstList
 0001:00040150       Classes.FreeObjectInstance
 0001:000321B4       Classes.GetClass
 0001:0003C9AC       Classes.GetComponentValue
 0001:00033E44       Classes.GetDesigner
 0001:0003213C       Classes.GetFieldClassTable
 0001:000401A0       Classes.GetFreeInstBlockItemCount
 0004:000088A8       Classes.GlobalFixupList
 0001:00037C84       Classes.GlobalFixupReferences
 0005:00000010       Classes.GlobalLists
 0005:0000000C       Classes.GlobalLoaded
 0004:0000888C       Classes.GlobalNameSpace
 0001:00032398       Classes.GroupDescendentsWith
 0001:00039404       Classes.HandleException
 0001:0003271C       Classes.IdentToInt
 0001:000329C8       Classes.InitComponent
 0001:00032A54       Classes.InitInheritedComponent
 0001:0003D890       Classes.InitThreadSynchronization
 0004:000088C8       Classes.InstBlockList
 0004:000088CC       Classes.InstFreeList
 0004:0000889C       Classes.IntConstList
 0001:00032860       Classes.InternalReadComponentRes
 0001:00032760       Classes.IntToIdent
 0001:00030B44       Classes.InvalidPoint
 0001:0003C038       Classes.IsDefault
 0001:0003BEB4       Classes.IsDefaultFloatProp
 0001:0003BF10       Classes.IsDefaultInt64Prop
 0001:0003C1DC       Classes.IsDefaultInterfaceProp
 0001:0003C310       Classes.IsDefaultMethodProp
 0001:0003C090       Classes.IsDefaultObjectProp
 0001:0003BE5C       Classes.IsDefaultOrdProp
 0001:0003C448       Classes.IsDefaultPropertyValue
 0001:0003BF68       Classes.IsDefaultStrProp
 0001:0003C110       Classes.IsDefaultValue
 0001:0003C3B0       Classes.IsDefaultVariantProp
 0001:0003283C       Classes.IsUniqueGlobalComponentName
 0004:00008890       Classes.IsUniqueGlobalComponentNameProc
 0001:000400B8       Classes.MakeObjectInstance
 0001:00033A94       Classes.Min
 0001:00040088       Classes.ModuleUnload
 0003:00001720       Classes.NilMethod
 0001:00033EE8       Classes.NotifyDesigner
 0001:0003293C       Classes.NotifyGlobalLoading
 0001:0003BFF8       Classes.ObjectAncestorMatch
 0001:0003C994       Classes.OwnedBy
 0001:00030AD4       Classes.Point
 0003:0000172C       Classes.Priorities
 0001:00037FC4       Classes.PropertyNotFound
 0001:000394D4       Classes.PropPathError
 0001:00037FB8       Classes.PropValueError
 0001:0003326C       Classes.QuickSort
 0001:0003669C       Classes.RaiseException
 0001:0003ADCC       Classes.ReadCustomVariant
 0001:00037FA0       Classes.ReadError
 0001:000389E4       Classes.Recover
 0001:00030AF4       Classes.Rect
 0004:000088A0       Classes.RegGroups
 0001:00032240       Classes.RegisterClass
 0001:000327A4       Classes.RegisterFindGlobalComponentProc
 0001:000325F8       Classes.RegisterIntegerConsts
 0001:000401D0       Classes.ReleaseObjectInstanceBlocks
 0003:000016D8       Classes.RemoveDataModule
 0001:00037E58       Classes.RemoveFixupReferences
 0001:00037F0C       Classes.RemoveFixups
 0001:00038308       Classes.RemoveGlobalFixup
 0001:0003D968       Classes.ResetSyncEvent
 0001:00034B54       Classes.ReturnAddr
 0001:00032DE8       Classes.ReturnAddr
 0001:00038B54       Classes.SetCompName
 0001:00037FF0       Classes.SetElementValue
 0001:0003984C       Classes.SetInterfaceReference
 0001:00039768       Classes.SetIntIdent
 0001:000397B0       Classes.SetObjectIdent
 0001:0003895C       Classes.SetSubComponentState
 0001:000397F0       Classes.SetVariantReference
 0001:0003D990       Classes.SignalSyncEvent
 0001:0003A53C       Classes.SkipBinary
 0001:0003A56C       Classes.SkipCollection
 0001:0003A510       Classes.SkipList
 0001:00032330       Classes.StartClassGroup
 0001:00040090       Classes.StdWndProc
 0001:00036488       Classes.StringListCompareStrings
 0004:00008894       Classes.SyncEvent
 0003:00001728       Classes.SyncList
 0001:0003FA7C       Classes.TBasicAction.Change
 0001:0003F908       Classes.TBasicAction.Create
 0001:0003F94C       Classes.TBasicAction.Destroy
 0001:0003F9E8       Classes.TBasicAction.Execute
 0001:0003F9B8       Classes.TBasicAction.ExecuteTarget
 0001:0003F9B4       Classes.TBasicAction.HandlesTarget
 0001:0003F9BC       Classes.TBasicAction.Notification
 0001:0003FA90       Classes.TBasicAction.RegisterChanges
 0001:0003FADC       Classes.TBasicAction.SetActionComponent
 0001:0003FA20       Classes.TBasicAction.SetOnExecute
 0001:0003FA9C       Classes.TBasicAction.UnRegisterChanges
 0001:0003FA04       Classes.TBasicAction.Update
 0001:0003F9E4       Classes.TBasicAction.UpdateTarget
 0001:0003F858       Classes.TBasicActionLink.AssignClient
 0001:0003F890       Classes.TBasicActionLink.Change
 0001:0003F814       Classes.TBasicActionLink.Create
 0001:0003F85C       Classes.TBasicActionLink.Destroy
 0001:0003F8A8       Classes.TBasicActionLink.Execute
 0001:0003F8F0       Classes.TBasicActionLink.IsOnExecuteLinked
 0001:0003F8C4       Classes.TBasicActionLink.SetAction
 0001:0003F8F4       Classes.TBasicActionLink.SetOnExecute
 0001:0003F8FC       Classes.TBasicActionLink.Update
 0001:00033A4C       Classes.TBits.Destroy
 0001:00033A7C       Classes.TBits.Error
 0001:00033B70       Classes.TBits.OpenBit
 0001:00033B44       Classes.TBits.SetBit
 0001:00033AA0       Classes.TBits.SetSize
 0001:00031EA8       Classes.TClassFinder.Create
 0001:00031FE8       Classes.TClassFinder.Destroy
 0001:00032018       Classes.TClassFinder.GetClass
 0001:000320B4       Classes.TClassFinder.GetClasses
 0001:00034218       Classes.TCollection.Add
 0001:00034734       Classes.TCollection.Added
 0001:00034238       Classes.TCollection.Assign
 0001:000342E0       Classes.TCollection.BeginUpdate
 0001:000342E4       Classes.TCollection.Changed
 0001:000342F4       Classes.TCollection.Clear
 0001:00034180       Classes.TCollection.Create
 0001:000346F8       Classes.TCollection.Delete
 0001:00034738       Classes.TCollection.Deleting
 0001:000341CC       Classes.TCollection.Destroy
 0001:0003435C       Classes.TCollection.EndUpdate
 0001:00034368       Classes.TCollection.FindItemID
 0001:0003439C       Classes.TCollection.GetAttr
 0001:00034398       Classes.TCollection.GetAttrCount
 0001:000343BC       Classes.TCollection.GetCapacity
 0001:000343E4       Classes.TCollection.GetCount
 0001:000343AC       Classes.TCollection.GetEnumerator
 0001:000343EC       Classes.TCollection.GetItem
 0001:000343C4       Classes.TCollection.GetItemAttr
 0001:00034400       Classes.TCollection.GetNamePath
 0001:000344B4       Classes.TCollection.GetPropName
 0001:00034608       Classes.TCollection.Insert
 0001:00034624       Classes.TCollection.InsertItem
 0001:0003473C       Classes.TCollection.Notify
 0001:00034728       Classes.TCollection.Owner
 0001:0003468C       Classes.TCollection.RemoveItem
 0001:000346E0       Classes.TCollection.SetCapacity
 0001:000346F0       Classes.TCollection.SetItemName
 0001:000346F4       Classes.TCollection.Update
 0001:00034114       Classes.TCollectionEnumerator.Create
 0001:00034158       Classes.TCollectionEnumerator.GetCurrent
 0001:00034164       Classes.TCollectionEnumerator.MoveNext
 0001:00033FB4       Classes.TCollectionItem.Changed
 0001:00033F4C       Classes.TCollectionItem.Create
 0001:00033F84       Classes.TCollectionItem.Destroy
 0001:00033FF0       Classes.TCollectionItem.GetDisplayName
 0001:00033FD8       Classes.TCollectionItem.GetIndex
 0001:00034004       Classes.TCollectionItem.GetNamePath
 0001:000340B0       Classes.TCollectionItem.GetOwner
 0001:000340B4       Classes.TCollectionItem.SetCollection
 0001:000340DC       Classes.TCollectionItem.SetDisplayName
 0001:000340E4       Classes.TCollectionItem.SetIndex
 0001:0003F30C       Classes.TComponent.AddSortedComponent
 0001:0003EB28       Classes.TComponent.BeforeDestruction
 0001:0003F3C0       Classes.TComponent.ChangeName
 0001:0003EA94       Classes.TComponent.Create
 0001:0003EED4       Classes.TComponent.DefineProperties
 0001:0003EAE0       Classes.TComponent.Destroy
 0001:0003ED58       Classes.TComponent.DestroyComponents
 0001:0003EDC4       Classes.TComponent.Destroying
 0001:0003F51C       Classes.TComponent.ExecuteAction
 0001:0003F1A8       Classes.TComponent.FindComponent
 0001:0003F19C       Classes.TComponent.FindComponent$ActRec.$0$Body
 0001:0003F294       Classes.TComponent.FindSortedComponent
 0001:0003EB74       Classes.TComponent.FreeNotification
 0001:0003F650       Classes.TComponent.FreeOnRelease
 0001:0003EF78       Classes.TComponent.GetChildOwner
 0001:0003EF7C       Classes.TComponent.GetChildParent
 0001:0003EF70       Classes.TComponent.GetChildren
 0001:0003F580       Classes.TComponent.GetComObject
 0001:0003F414       Classes.TComponent.GetComponent
 0001:0003F440       Classes.TComponent.GetComponentCount
 0001:0003F3F8       Classes.TComponent.GetComponentIndex
 0001:0003EF80       Classes.TComponent.GetEnumerator
 0001:0003EF90       Classes.TComponent.GetNamePath
 0001:0003EFA4       Classes.TComponent.GetOwner
 0001:0003EFAC       Classes.TComponent.GetParentComponent
 0001:0003EF6C       Classes.TComponent.HasParent
 0001:0003EC08       Classes.TComponent.Insert
 0001:0003ECBC       Classes.TComponent.InsertComponent
 0001:0003F6E8       Classes.TComponent.IntfGetComponent
 0001:0003F6EC       Classes.TComponent.IsImplementorOf
 0001:0003EFCC       Classes.TComponent.Loaded
 0001:0003EE74       Classes.TComponent.Notification
 0001:0003EFD8       Classes.TComponent.PaletteCreated
 0001:0003F668       Classes.TComponent.QueryInterface
 0001:0003EBC8       Classes.TComponent.ReadLeft
 0001:0003EFDC       Classes.TComponent.ReadState
 0001:0003EBDC       Classes.TComponent.ReadTop
 0001:0003F76C       Classes.TComponent.ReferenceInterface
 0001:0003EC44       Classes.TComponent.Remove
 0001:0003ED20       Classes.TComponent.RemoveComponent
 0001:0003EE58       Classes.TComponent.RemoveFreeNotification
 0001:0003EB34       Classes.TComponent.RemoveFreeNotifications
 0001:0003EE00       Classes.TComponent.RemoveNotification
 0001:0003F638       Classes.TComponent.SafeCallException
 0001:0003EFA8       Classes.TComponent.SetChildOrder
 0001:0003F450       Classes.TComponent.SetComponentIndex
 0001:0003F4A4       Classes.TComponent.SetDesigning
 0001:0003F330       Classes.TComponent.SetName
 0001:0003EFB0       Classes.TComponent.SetParentComponent
 0001:0003F4F4       Classes.TComponent.SetReference
 0001:0003F56C       Classes.TComponent.SetSubComponent
 0001:0003F544       Classes.TComponent.UpdateAction
 0001:0003EFC0       Classes.TComponent.Updated
 0001:0003F660       Classes.TComponent.UpdateRegistry
 0001:0003EFB4       Classes.TComponent.Updating
 0001:0003F074       Classes.TComponent.ValidateContainer
 0001:0003F088       Classes.TComponent.ValidateInsert
 0001:0003EFEC       Classes.TComponent.ValidateRename
 0001:0003EBF0       Classes.TComponent.WriteLeft
 0001:0003EFE4       Classes.TComponent.WriteState
 0001:0003EBFC       Classes.TComponent.WriteTop
 0001:0003F6A8       Classes.TComponent._AddRef
 0001:0003F6C8       Classes.TComponent._Release
 0001:0003EA28       Classes.TComponentEnumerator.Create
 0001:0003EA6C       Classes.TComponentEnumerator.GetCurrent
 0001:0003EA78       Classes.TComponentEnumerator.MoveNext
 0001:00037178       Classes.TCustomMemoryStream.Read
 0001:000371EC       Classes.TCustomMemoryStream.SaveToFile
 0001:000371D4       Classes.TCustomMemoryStream.SaveToStream
 0001:000371B0       Classes.TCustomMemoryStream.Seek
 0001:00037170       Classes.TCustomMemoryStream.SetPointer
 0001:00037638       Classes.TFiler.Create
 0001:0002CCA8       Classes.TFiler.DefineBinaryProperty
 0001:0002CCA0       Classes.TFiler.DefineProperty
 0001:00037680       Classes.TFiler.Destroy
 0001:0002CCB0       Classes.TFiler.FlushBuffer
 0001:000376A8       Classes.TFiler.SetRoot
 0001:00036FC8       Classes.TFileStream.Create
 0001:00036F84       Classes.TFileStream.Create
 0001:0003713C       Classes.TFileStream.Destroy
 0001:00036EC0       Classes.THandleStream.Create
 0001:00036EFC       Classes.THandleStream.Read
 0001:00036F1C       Classes.THandleStream.Seek
 0001:00036F48       Classes.THandleStream.SetSize
 0001:00036F5C       Classes.THandleStream.SetSize
 0001:00036F0C       Classes.THandleStream.Write
 0004:000088AC       Classes.ThreadLock
 0001:0003DB90       Classes.ThreadProc
 0001:000325C0       Classes.TIntConst.Create
 0001:00033D8C       Classes.TInterfacedPersistent.AfterConstruction
 0001:00033E1C       Classes.TInterfacedPersistent.QueryInterface
 0001:00033DDC       Classes.TInterfacedPersistent._AddRef
 0001:00033DFC       Classes.TInterfacedPersistent._Release
 0001:00032D28       Classes.TList.Add
 0001:00033564       Classes.TList.Assign
 0001:00032D68       Classes.TList.Clear
 0001:00032D80       Classes.TList.Delete
 0001:00032D08       Classes.TList.Destroy
 0001:00032DEC       Classes.TList.Error
 0001:00032E24       Classes.TList.Error
 0001:00032E78       Classes.TList.Exchange
 0001:00032EC8       Classes.TList.Expand
 0001:00033508       Classes.TList.Extract
 0001:00033510       Classes.TList.ExtractItem
 0001:00032EE0       Classes.TList.First
 0001:00032EE8       Classes.TList.Get
 0001:00032F0C       Classes.TList.GetEnumerator
 0001:00032F1C       Classes.TList.Grow
 0001:00032F50       Classes.TList.IndexOf
 0001:00032F74       Classes.TList.IndexOfItem
 0001:00032FA0       Classes.TList.Insert
 0001:00033018       Classes.TList.Last
 0001:0003303C       Classes.TList.Move
 0001:00033560       Classes.TList.Notify
 0001:00033118       Classes.TList.Pack
 0001:00033094       Classes.TList.Put
 0001:000330F0       Classes.TList.Remove
 0001:000330F8       Classes.TList.RemoveItem
 0001:0003318C       Classes.TList.SetCapacity
 0001:000331C8       Classes.TList.SetCount
 0001:00033468       Classes.TList.Sort
 0001:0003345C       Classes.TList.Sort$ActRec.$0$Body
 0001:000334E8       Classes.TList.SortList
 0001:00032CA0       Classes.TListEnumerator.Create
 0001:00032CE4       Classes.TListEnumerator.GetCurrent
 0001:00032CF0       Classes.TListEnumerator.MoveNext
 0001:00037270       Classes.TMemoryStream.Clear
 0001:00037244       Classes.TMemoryStream.Destroy
 0001:000372C0       Classes.TMemoryStream.LoadFromFile
 0001:00037288       Classes.TMemoryStream.LoadFromStream
 0001:00037368       Classes.TMemoryStream.Realloc
 0001:00037314       Classes.TMemoryStream.SetCapacity
 0001:0003733C       Classes.TMemoryStream.SetSize
 0001:000373E8       Classes.TMemoryStream.Write
 0001:00033C14       Classes.TPersistent.Assign
 0001:00033C28       Classes.TPersistent.AssignError
 0001:00033CE4       Classes.TPersistent.AssignTo
 0001:00033CEC       Classes.TPersistent.DefineProperties
 0001:00033BE8       Classes.TPersistent.Destroy
 0001:00033CF0       Classes.TPersistent.GetNamePath
 0001:00033D88       Classes.TPersistent.GetOwner
 0001:000379C0       Classes.TPropFixup.Create
 0001:00037A18       Classes.TPropFixup.MakeGlobalReference
 0001:00037A78       Classes.TPropFixup.ResolveReference
 0001:00037A88       Classes.TPropIntfFixup.ResolveReference
 0001:00038044       Classes.TReader.BeginReferences
 0001:000380AC       Classes.TReader.CheckValue
 0001:0003A93C       Classes.TReader.CopyValue
 0001:0003810C       Classes.TReader.DefineBinaryProperty
 0001:000380D0       Classes.TReader.DefineProperty
 0001:00038008       Classes.TReader.Destroy
 0001:00038390       Classes.TReader.DoFixupReferences
 0001:000381F4       Classes.TReader.EndOfList
 0001:00038208       Classes.TReader.EndReferences
 0001:00038224       Classes.TReader.Error
 0001:0003AC18       Classes.TReader.FindAncestorComponent
 0001:0003AD10       Classes.TReader.FindComponentClass
 0001:000382B8       Classes.TReader.FindMethod
 0001:00038248       Classes.TReader.FindMethodInstance
 0001:000384D4       Classes.TReader.FixupReferences
 0001:0003850C       Classes.TReader.FlushBuffer
 0001:00038530       Classes.TReader.FreeFixups
 0001:0003856C       Classes.TReader.GetFieldClass
 0001:00038600       Classes.TReader.GetPosition
 0001:00038618       Classes.TReader.NextValue
 0001:00038628       Classes.TReader.PropertyError
 0001:0003863C       Classes.TReader.Read
 0001:000386C4       Classes.TReader.ReadBoolean
 0001:00038688       Classes.TReader.ReadBuffer
 0001:000386D8       Classes.TReader.ReadChar
 0001:000387CC       Classes.TReader.ReadCollection
 0001:00038C98       Classes.TReader.ReadComponent
 0001:0003A00C       Classes.TReader.ReadComponents
 0001:000390D8       Classes.TReader.ReadCurrency
 0001:00038ED8       Classes.TReader.ReadData
 0001:00038F48       Classes.TReader.ReadDataInner
 0001:00039128       Classes.TReader.ReadDate
 0001:00039050       Classes.TReader.ReadDouble
 0001:00039018       Classes.TReader.ReadFloat
 0001:0003916C       Classes.TReader.ReadIdent
 0001:00039370       Classes.TReader.ReadInt64
 0001:00039304       Classes.TReader.ReadInteger
 0001:000393B4       Classes.TReader.ReadListBegin
 0001:000393BC       Classes.TReader.ReadListEnd
 0001:000393C4       Classes.TReader.ReadPrefix
 0001:000394F0       Classes.TReader.ReadProperty
 0001:0003990C       Classes.TReader.ReadPropValue
 0001:00039CD8       Classes.TReader.ReadRootComponent
 0001:0003A0FC       Classes.TReader.ReadSet
 0001:0003A1B8       Classes.TReader.ReadSignature
 0001:00039094       Classes.TReader.ReadSingle
 0001:0003A1DC       Classes.TReader.ReadStr
 0001:0003A26C       Classes.TReader.ReadString
 0001:0003A494       Classes.TReader.ReadValue
 0001:0003AF94       Classes.TReader.ReadVariant
 0001:0003876C       Classes.TReader.ReadWideChar
 0001:0003A354       Classes.TReader.ReadWideString
 0001:0003ACD0       Classes.TReader.ReferenceName
 0001:0003ACE8       Classes.TReader.SetName
 0001:0003A4A8       Classes.TReader.SetPosition
 0001:0003AD84       Classes.TReader.SkipBytes
 0001:0003AB6C       Classes.TReader.SkipComponent
 0001:0003AB24       Classes.TReader.SkipProperty
 0001:0003A4C8       Classes.TReader.SkipSetBody
 0001:0003A5D0       Classes.TReader.SkipValue
 0001:00031494       Classes.TRegGroup.AddClass
 0001:000314A0       Classes.TRegGroup.BestClass
 0001:00031500       Classes.TRegGroup.BestGroup
 0001:00031570       Classes.TRegGroup.Create
 0001:000315CC       Classes.TRegGroup.Destroy
 0001:0003160C       Classes.TRegGroup.GetClass
 0001:0003165C       Classes.TRegGroup.GetClasses
 0001:000316A4       Classes.TRegGroup.IndexOfClass
 0001:0003171C       Classes.TRegGroup.InGroup
 0001:00031760       Classes.TRegGroup.RegisterClass
 0001:00031814       Classes.TRegGroup.RegisterClassAlias
 0001:0003184C       Classes.TRegGroup.Registered
 0001:00031864       Classes.TRegGroup.UnregisterClass
 0001:000318C4       Classes.TRegGroup.UnregisterModuleClasses
 0001:00031A04       Classes.TRegGroups.Activate
 0001:00031A50       Classes.TRegGroups.AddClass
 0001:00031A70       Classes.TRegGroups.Create
 0001:00031AE4       Classes.TRegGroups.Destroy
 0001:00031B44       Classes.TRegGroups.FindGroup
 0001:00031B88       Classes.TRegGroups.GetClass
 0001:00031BCC       Classes.TRegGroups.GroupedWith
 0001:00031C70       Classes.TRegGroups.GroupWith
 0001:00031D44       Classes.TRegGroups.Lock
 0001:00031D50       Classes.TRegGroups.RegisterClass
 0001:00031D68       Classes.TRegGroups.RegisterClassAlias
 0001:00031D88       Classes.TRegGroups.Registered
 0001:00031DCC       Classes.TRegGroups.StartGroup
 0001:00031E1C       Classes.TRegGroups.Unlock
 0001:00031E28       Classes.TRegGroups.UnregisterClass
 0001:00031E58       Classes.TRegGroups.UnregisterModuleClasses
 0001:00037438       Classes.TResourceStream.Create
 0001:00037490       Classes.TResourceStream.CreateFromID
 0001:000375F0       Classes.TResourceStream.Destroy
 0001:00037584       Classes.TResourceStream.Initialize
 0001:00037620       Classes.TResourceStream.Write
 0001:00036874       Classes.TStream.CopyFrom
 0001:00036CDC       Classes.TStream.FixupResourceHeader
 0001:000365B0       Classes.TStream.GetPosition
 0001:000365E4       Classes.TStream.GetSize
 0001:0002B354       Classes.TStream.Read
 0001:00036804       Classes.TStream.ReadBuffer
 0001:00036968       Classes.TStream.ReadComponent
 0001:00036A2C       Classes.TStream.ReadComponentRes
 0001:00036DD4       Classes.TStream.ReadResHeader
 0001:00036794       Classes.TStream.Seek
 0001:00036710       Classes.TStream.Seek
 0001:000365D0       Classes.TStream.SetPosition
 0001:00036630       Classes.TStream.SetSize
 0001:00036648       Classes.TStream.SetSize
 0001:00036634       Classes.TStream.SetSize64
 0001:0002B35C       Classes.TStream.Write
 0001:0003683C       Classes.TStream.WriteBuffer
 0001:000369C8       Classes.TStream.WriteComponent
 0001:00036A48       Classes.TStream.WriteComponentRes
 0001:000369D0       Classes.TStream.WriteDescendent
 0001:00036DA0       Classes.TStream.WriteDescendentRes
 0001:00036A50       Classes.TStream.WriteResourceHeader
 0001:0003FFF8       Classes.TStreamAdapter.Clone
 0001:0003FF4C       Classes.TStreamAdapter.Commit
 0001:0003FD44       Classes.TStreamAdapter.CopyTo
 0001:0003FB08       Classes.TStreamAdapter.Create
 0001:0003FB54       Classes.TStreamAdapter.Destroy
 0001:0003FF64       Classes.TStreamAdapter.LockRegion
 0001:0003FB8C       Classes.TStreamAdapter.Read
 0001:0003FF58       Classes.TStreamAdapter.Revert
 0001:0003FC5C       Classes.TStreamAdapter.Seek
 0001:0003FCE0       Classes.TStreamAdapter.SetSize
 0001:0003FF7C       Classes.TStreamAdapter.Stat
 0001:0003FF70       Classes.TStreamAdapter.UnlockRegion
 0001:0003FBF4       Classes.TStreamAdapter.Write
 0001:00035E98       Classes.TStringList.Add
 0001:00035EA8       Classes.TStringList.AddObject
 0001:00035F0C       Classes.TStringList.Changed
 0001:00035F28       Classes.TStringList.Changing
 0001:00035F44       Classes.TStringList.Clear
 0001:000364F0       Classes.TStringList.CompareStrings
 0001:0003650C       Classes.TStringList.Create
 0001:00036544       Classes.TStringList.Create
 0001:000364B8       Classes.TStringList.CustomSort
 0001:00035FAC       Classes.TStringList.Delete
 0001:00035E14       Classes.TStringList.Destroy
 0001:0003602C       Classes.TStringList.Exchange
 0001:00036088       Classes.TStringList.ExchangeItems
 0001:000360AC       Classes.TStringList.Find
 0001:00036130       Classes.TStringList.Get
 0001:00036160       Classes.TStringList.GetCapacity
 0001:00036164       Classes.TStringList.GetCount
 0001:00036168       Classes.TStringList.GetObject
 0001:0003618C       Classes.TStringList.Grow
 0001:000361C0       Classes.TStringList.IndexOf
 0001:000361FC       Classes.TStringList.Insert
 0001:00036260       Classes.TStringList.InsertItem
 0001:0003620C       Classes.TStringList.InsertObject
 0001:000362DC       Classes.TStringList.Put
 0001:00036334       Classes.TStringList.PutObject
 0001:00036370       Classes.TStringList.QuickSort
 0001:00036408       Classes.TStringList.SetCapacity
 0001:00036588       Classes.TStringList.SetCaseSensitive
 0001:00036448       Classes.TStringList.SetSorted
 0001:00036468       Classes.TStringList.SetUpdateState
 0001:000364A8       Classes.TStringList.Sort
 0001:00034808       Classes.TStrings.Add
 0001:0003482C       Classes.TStrings.AddObject
 0001:0003485C       Classes.TStrings.AddStrings
 0001:00034850       Classes.TStrings.Append
 0001:00034914       Classes.TStrings.Assign
 0001:000349D0       Classes.TStrings.BeginUpdate
 0001:0002A5DC       Classes.TStrings.Clear
 0001:00035DCC       Classes.TStrings.CompareStrings
 0001:00034A40       Classes.TStrings.DefineProperties
 0001:0002A5E4       Classes.TStrings.Delete
 0001:000347D8       Classes.TStrings.Destroy
 0001:00034A98       Classes.TStrings.EndUpdate
 0001:00034AAC       Classes.TStrings.Equals
 0001:00034B58       Classes.TStrings.Error
 0001:00034B90       Classes.TStrings.Error
 0001:00034BE8       Classes.TStrings.Exchange
 0001:00034CD4       Classes.TStrings.GetCapacity
 0001:00034CDC       Classes.TStrings.GetCommaText
 0001:00034D74       Classes.TStrings.GetDelimitedText
 0001:00035CB8       Classes.TStrings.GetDelimiter
 0001:00034FE4       Classes.TStrings.GetEnumerator
 0001:00035CD4       Classes.TStrings.GetLineBreak
 0001:00035DD8       Classes.TStrings.GetNameValueSeparator
 0001:00034FF4       Classes.TStrings.GetObject
 0001:00035D10       Classes.TStrings.GetQuoteChar
 0001:00035D2C       Classes.TStrings.GetStrictDelimiter
 0001:00034FF8       Classes.TStrings.GetText
 0001:0003504C       Classes.TStrings.GetTextStr
 0001:000351E4       Classes.TStrings.IndexOf
 0001:00035270       Classes.TStrings.IndexOfName
 0001:00035344       Classes.TStrings.IndexOfObject
 0001:0002A5EC       Classes.TStrings.Insert
 0001:00035378       Classes.TStrings.InsertObject
 0001:000353FC       Classes.TStrings.LoadFromFile
 0001:000353A8       Classes.TStrings.LoadFromFile
 0001:00035464       Classes.TStrings.LoadFromStream
 0001:00035458       Classes.TStrings.LoadFromStream
 0001:00035558       Classes.TStrings.Move
 0001:00035608       Classes.TStrings.Put
 0001:00035638       Classes.TStrings.PutObject
 0001:0003563C       Classes.TStrings.ReadData
 0001:000356EC       Classes.TStrings.SaveToFile
 0001:000356FC       Classes.TStrings.SaveToFile
 0001:0003576C       Classes.TStrings.SaveToStream
 0001:0003575C       Classes.TStrings.SaveToStream
 0001:00035824       Classes.TStrings.SetCapacity
 0001:00035828       Classes.TStrings.SetCommaText
 0001:00035B08       Classes.TStrings.SetDelimitedText
 0001:00035D44       Classes.TStrings.SetDelimiter
 0001:00035D64       Classes.TStrings.SetLineBreak
 0001:00035DF4       Classes.TStrings.SetNameValueSeparator
 0001:00035D90       Classes.TStrings.SetQuoteChar
 0001:00035DB0       Classes.TStrings.SetStrictDelimiter
 0001:00035850       Classes.TStrings.SetStringsAdapter
 0001:00035884       Classes.TStrings.SetText
 0001:000358D4       Classes.TStrings.SetTextStr
 0001:00035A80       Classes.TStrings.SetUpdateState
 0001:00035A84       Classes.TStrings.WriteData
 0001:00034760       Classes.TStringsEnumerator.Create
 0001:000347A4       Classes.TStringsEnumerator.GetCurrent
 0001:000347BC       Classes.TStringsEnumerator.MoveNext
 0004:00008888       Classes.TThread.$ClassInitFlag
 0001:0003DDE4       Classes.TThread.AfterConstruction
 0001:0003DE8C       Classes.TThread.CallOnTerminate
 0001:0003DDF8       Classes.TThread.CheckThreadError
 0001:0003DE74       Classes.TThread.CheckThreadError
 0001:0003DC44       Classes.TThread.Create
 0002:00000260       Classes.TThread.Create@
 0001:0003DD48       Classes.TThread.Destroy
 0001:0003DDBC       Classes.TThread.Destroy@
 0001:0003DEA0       Classes.TThread.DoTerminate
 0005:00000008       Classes.TThread.FCurrentThread
 0001:0003DEB4       Classes.TThread.GetPriority
 0001:0003DEF0       Classes.TThread.InternalStart
 0001:0003E988       Classes.TThread.NameThreadForDebugging
 0001:0003DFC8       Classes.TThread.Queue
 0001:0003E11C       Classes.TThread.Queue
 0001:0003E050       Classes.TThread.Queue
 0001:0003E584       Classes.TThread.Queue
 0001:0003E718       Classes.TThread.RemoveQueuedEvents
 0001:0003E1BC       Classes.TThread.RemoveQueuedEvents
 0001:0003E7BC       Classes.TThread.RemoveQueuedEvents
 0001:0003E87C       Classes.TThread.Resume
 0001:0003DF9C       Classes.TThread.SetPriority
 0001:0003E7D0       Classes.TThread.SetSuspended
 0001:0003E7E8       Classes.TThread.SpinWait
 0001:0003E804       Classes.TThread.Start
 0001:0003E280       Classes.TThread.StaticQueue
 0001:0003E704       Classes.TThread.StaticSynchronize
 0001:0003E80C       Classes.TThread.Suspend
 0001:0003E294       Classes.TThread.Synchronize
 0001:0003E458       Classes.TThread.Synchronize
 0001:0003E4F4       Classes.TThread.Synchronize
 0001:0003E668       Classes.TThread.Synchronize
 0001:0003E48C       Classes.TThread.Synchronize
 0001:0003E8A4       Classes.TThread.Terminate
 0001:0003E8C8       Classes.TThread.WaitFor
 0001:00033900       Classes.TThreadList.Add
 0001:00033988       Classes.TThreadList.Clear
 0001:00033830       Classes.TThreadList.Create
 0001:00033884       Classes.TThreadList.Destroy
 0001:000339D0       Classes.TThreadList.LockList
 0001:000339E4       Classes.TThreadList.Remove
 0001:000339EC       Classes.TThreadList.RemoveItem
 0001:00033A40       Classes.TThreadList.UnlockList
 0001:0003B1E0       Classes.TWriter.AddAncestor
 0001:0003B214       Classes.TWriter.DefineBinaryProperty
 0001:0003B1EC       Classes.TWriter.DefineProperty
 0001:0003B1B4       Classes.TWriter.Destroy
 0001:0003B250       Classes.TWriter.FindMethodName
 0001:0003B298       Classes.TWriter.FlushBuffer
 0001:0003D86C       Classes.TWriter.GetLookupInfo
 0001:0003B240       Classes.TWriter.GetPosition
 0001:0003B2A0       Classes.TWriter.SetPosition
 0001:0003B2DC       Classes.TWriter.SetRoot
 0001:0003B2F4       Classes.TWriter.Write
 0001:0003B340       Classes.TWriter.WriteBinary
 0001:0003B3E0       Classes.TWriter.WriteBoolean
 0001:0003B3C8       Classes.TWriter.WriteBuffer
 0001:0003B3F4       Classes.TWriter.WriteChar
 0001:0003B494       Classes.TWriter.WriteCollection
 0001:0003B584       Classes.TWriter.WriteComponent
 0001:0003BB2C       Classes.TWriter.WriteCurrency
 0001:0003B6D8       Classes.TWriter.WriteData
 0001:0003BB50       Classes.TWriter.WriteDate
 0001:0003BA98       Classes.TWriter.WriteDescendent
 0001:0003BB08       Classes.TWriter.WriteDouble
 0001:0003BAC0       Classes.TWriter.WriteFloat
 0001:0003BB74       Classes.TWriter.WriteIdent
 0001:0003BC58       Classes.TWriter.WriteInteger
 0001:0003BCCC       Classes.TWriter.WriteInteger
 0001:0003BD24       Classes.TWriter.WriteListBegin
 0001:0003BD2C       Classes.TWriter.WriteListEnd
 0001:0003D530       Classes.TWriter.WriteMinStr
 0001:0003BD34       Classes.TWriter.WritePrefix
 0001:0003BD7C       Classes.TWriter.WriteProperties
 0001:0003CED4       Classes.TWriter.WriteProperty
 0001:0003D408       Classes.TWriter.WritePropName
 0001:0003D45C       Classes.TWriter.WriteRootComponent
 0001:0003D464       Classes.TWriter.WriteSignature
 0001:0003BAE4       Classes.TWriter.WriteSingle
 0001:0003D474       Classes.TWriter.WriteStr
 0001:0003D664       Classes.TWriter.WriteString
 0001:0003D77C       Classes.TWriter.WriteUTF8Str
 0001:0003D858       Classes.TWriter.WriteValue
 0001:0003D028       Classes.TWriter.WriteVariant
 0001:0003B444       Classes.TWriter.WriteWideChar
 0001:0003D850       Classes.TWriter.WriteWideString
 0001:000327E4       Classes.UnregisterFindGlobalComponentProc
 0001:000322C8       Classes.UnRegisterModuleClasses
 0003:0000174C       Classes.UtilWindowClass
 0001:0003D974       Classes.WaitForSyncEvent
 0003:000016F4       Classes.WakeMainThread
 0001:00032B18       Classes.WriteCollection
 0001:0003C704       Classes.WriteCollectionProp
 0001:0003C8A0       Classes.WriteFloatProp
 0001:0003C8E0       Classes.WriteInt64Prop
 0001:0003CD04       Classes.WriteInterfaceProp
 0001:0003C698       Classes.WriteIntProp
 0001:0003CDE0       Classes.WriteMethodProp
 0001:0003CAF0       Classes.WriteObjectProp
 0001:0003C7A8       Classes.WriteOrdProp
 0001:0003C5AC       Classes.WritePropPath
 0001:0003C604       Classes.WriteSet
 0001:0003C91C       Classes.WriteStrProp
 0001:0003CE70       Classes.WriteVariantProp
 0004:00008AAC       Clipbrd..3
 0004:00008AAA       Clipbrd.CF_COMPONENT
 0004:00008AA8       Clipbrd.CF_PICTURE
 0002:00000974       Clipbrd.Clipbrd
 0004:00008AB0       Clipbrd.FClipboard
 0001:0005F164       Clipbrd.Finalization
 0004:00008ABC       ComCtrls..96
 0001:0005F578       ComCtrls..TConversion
 0002:00000A40       ComCtrls.ComCtrls
 0004:00008AC0       ComCtrls.ConversionFormatList
 0001:0005F910       ComCtrls.Finalization
 0001:0005F8B0       ComCtrls.FreeConversionFormatList
 0004:00008AC8       ComCtrls.FRichEditModule
 0003:00002090       ComCtrls.RTFConversionFormat
 0004:00008AC4       ComCtrls.ShellModule
 0001:0005F7F8       ComCtrls.TConversion.ConvertReadStream
 0001:0005F854       ComCtrls.TConversion.ConvertWriteStream
 0001:0005F7C0       ComCtrls.TConversion.Create
 0003:00002098       ComCtrls.TextConversionFormat
 0001:0000FEC4       CommCtrl.FlatSB_GetScrollInfo
 0001:0000FECC       CommCtrl.FlatSB_GetScrollPos
 0001:0000FED4       CommCtrl.FlatSB_SetScrollInfo
 0001:0000FEDC       CommCtrl.FlatSB_SetScrollPos
 0001:0000FEE4       CommCtrl.FlatSB_SetScrollProp
 0001:0000FDFC       CommCtrl.ImageList_Add
 0001:0000FE5C       CommCtrl.ImageList_BeginDrag
 0001:0000FE54       CommCtrl.ImageList_Copy
 0001:0000FDDC       CommCtrl.ImageList_Create
 0001:0000FDE4       CommCtrl.ImageList_Destroy
 0001:0000FE6C       CommCtrl.ImageList_DragEnter
 0001:0000FE74       CommCtrl.ImageList_DragLeave
 0001:0000FE7C       CommCtrl.ImageList_DragMove
 0001:0000FE84       CommCtrl.ImageList_DragShowNolock
 0001:0000FE24       CommCtrl.ImageList_Draw
 0001:0000FE34       CommCtrl.ImageList_DrawEx
 0001:0000FE64       CommCtrl.ImageList_EndDrag
 0001:0000FE14       CommCtrl.ImageList_GetBkColor
 0001:0000FE8C       CommCtrl.ImageList_GetDragImage
 0001:0000FE44       CommCtrl.ImageList_GetIcon
 0001:0000FEA4       CommCtrl.ImageList_GetIconSize
 0001:0000FDEC       CommCtrl.ImageList_GetImageCount
 0001:0000FEB4       CommCtrl.ImageList_GetImageInfo
 0001:0000FE4C       CommCtrl.ImageList_LoadImage
 0001:0000FE94       CommCtrl.ImageList_Read
 0001:0000FE3C       CommCtrl.ImageList_Remove
 0001:0000FE2C       CommCtrl.ImageList_Replace
 0001:0000FE04       CommCtrl.ImageList_ReplaceIcon
 0001:0000FE0C       CommCtrl.ImageList_SetBkColor
 0001:0000FEAC       CommCtrl.ImageList_SetIconSize
 0001:0000FDF4       CommCtrl.ImageList_SetImageCount
 0001:0000FE1C       CommCtrl.ImageList_SetOverlayImage
 0001:0000FE9C       CommCtrl.ImageList_Write
 0001:0000FEEC       CommCtrl.InitializeFlatSB
 0001:0000FEBC       CommCtrl._TrackMouseEvent
 0001:000429EC       Contnrs..TOrderedList
 0001:00042C04       Contnrs..TStack
 0001:00042C94       Contnrs.TOrderedList.AtLeast
 0001:00042CC0       Contnrs.TOrderedList.Count
 0001:00042CC8       Contnrs.TOrderedList.Create
 0001:00042D0C       Contnrs.TOrderedList.Destroy
 0001:00042CA0       Contnrs.TOrderedList.Peek
 0001:00042D3C       Contnrs.TOrderedList.PeekItem
 0001:00042CA8       Contnrs.TOrderedList.Pop
 0001:00042D50       Contnrs.TOrderedList.PopItem
 0001:00042CB0       Contnrs.TOrderedList.Push
 0001:00042D70       Contnrs.TStack.PushItem
 0004:00008B2C       Controls..44
 0001:0006AFB4       Controls..TBaseDragControlObject
 0001:0006EE14       Controls..TControl
 0001:0006BC40       Controls..TControlActionLink
 0001:0006B828       Controls..TControlCanvas
 0001:00072654       Controls..TCustomControl
 0001:0006BA6C       Controls..TCustomControlAction
 0001:0006CEF4       Controls..TCustomGestureCollectionItem
 0001:0006D734       Controls..TCustomGestureEngine
 0001:0006D154       Controls..TCustomGestureManager
 0001:00074BFC       Controls..TCustomHint
 0001:000749A4       Controls..TCustomHintShowHideThread
 0001:00074568       Controls..TCustomHintWindow
 0001:00073D90       Controls..TCustomPanningWindow
 0001:0006D908       Controls..TCustomTouchManager
 0001:00073A1C       Controls..TDockTree
 0001:00073434       Controls..TDockZone
 0001:0006B150       Controls..TDragControlObject
 0001:0006B28C       Controls..TDragControlObjectEx
 0001:0006B398       Controls..TDragDockObject
 0001:0006B710       Controls..TDragDockObjectEx
 0001:00072D30       Controls..TDragImageList
 0001:0006AAB0       Controls..TDragObject
 0001:00072870       Controls..THintWindow
 0001:0007318C       Controls..TImageList
 0001:0006C52C       Controls..TMargins
 0001:00074040       Controls..TMouse
 0001:0006CA10       Controls..TPadding
 0001:000758F4       Controls..TSiteList
 0001:0006C2C4       Controls..TSizeConstraints
 0001:0006DEBC       Controls..TTouchManager
 0001:00071190       Controls..TWinControl
 0001:00070BD4       Controls..TWinControlActionLink
 0001:000760A8       Controls.AbsMin
 0004:00008B60       Controls.ActiveDrag
 0001:0007CE24       Controls.AlignNestedControls
 0001:0007CDD0       Controls.AlignWork
 0003:0000226C       Controls.AnchorAlign
 0003:00002260       Controls.AnimateWindowProc
 0003:000023E8       Controls.AnimationStyle
 0001:000792BC       Controls.BackgroundClipped
 0001:00087794       Controls.CalcSplitterPos
 0001:0007712C       Controls.CancelDrag
 0004:00008B74       Controls.CanvasList
 0003:00002324       Controls.CaptureControl
 0001:00076D94       Controls.CheckUndock
 0001:000844C8       Controls.ClientToWindow
 0004:00008B32       Controls.ControlAtom
 0004:00008B38       Controls.ControlAtomString
 0002:00000B54       Controls.Controls
 0003:0000237C       Controls.CPan
 0003:00002378       Controls.CPanOoptions
 0003:000023AC       Controls.CPanSingleFingerHorizontal
 0003:000023A4       Controls.CPanSingleFingerVertical
 0003:000023B4       Controls.CPanWithGutter
 0003:000023BC       Controls.CPanWithInertia
 0003:00002394       Controls.CPressAndTap
 0003:00002268       Controls.CreationControl
 0003:0000238C       Controls.CRotate
 0003:00002368       Controls.Ctl3DStyles
 0003:0000239C       Controls.CTwoFingerTap
 0003:00002274       Controls.Cursors
 0001:000756D4       Controls.CursorToIdent
 0003:00002384       Controls.CZoom
 0003:00002264       Controls.DefaultDockTreeClass
 0001:0007E1FC       Controls.DestroyChildWindow
 0001:0007D09C       Controls.DoAdjustSize
 0001:0007CC44       Controls.DoAlign
 0001:000824B0       Controls.DoCalcConstraints
 0004:00008B68       Controls.DockSiteList
 0001:0007F14C       Controls.DoControlMsg
 0001:000766A8       Controls.DoDragOver
 0001:000851C0       Controls.DoFindControlZone
 0001:000858EC       Controls.DoFindZone
 0001:00085244       Controls.DoForEach
 0001:00086F64       Controls.DoGetNextLimit
 0001:000880A0       Controls.DoneControls
 0001:0007CBFC       Controls.DoPosition
 0001:00086410       Controls.DoPrune
 0001:00086958       Controls.DoSaveZone
 0001:00086C5C       Controls.DoSetNewBounds
 0001:0007DE78       Controls.DoWriteDesignSize
 0001:0007A850       Controls.DoWriteExplicit
 0001:0007A81C       Controls.DoWriteIsControl
 0004:00008B4C       Controls.DragCapture
 0004:00008B40       Controls.DragControl
 0001:00076E08       Controls.DragDone
 0001:00076658       Controls.DragFindTarget
 0001:0007662C       Controls.DragFindWindow
 0004:00008B64       Controls.DragImageList
 0001:00076A6C       Controls.DragInit
 0001:00076BDC       Controls.DragInitControl
 0004:00008B48       Controls.DragInternalObject
 0001:00076574       Controls.DragMessage
 0004:00008B44       Controls.DragObject
 0004:00008B70       Controls.DragSave
 0004:00008B58       Controls.DragSaveCursor
 0004:00008B50       Controls.DragStartPos
 0004:00008B5C       Controls.DragThreshold
 0001:00076784       Controls.DragTo
 0001:00085E90       Controls.DrawCloseButton
 0001:00085F24       Controls.DrawGrabberLine
 0001:00085FB0       Controls.DrawThemedGrabber
 0001:0007F668       Controls.DrawThemeEdge
 0003:00002358       Controls.EdgeStyles
 0001:00089D64       Controls.Finalization
 0001:00075364       Controls.FindControl
 0001:00077178       Controls.FindDragTarget
 0001:00077144       Controls.FindVCLWindow
 0004:00008B78       Controls.FlagControl
 0001:0007726C       Controls.FreeDeviceContext
 0001:00077334       Controls.FreeDeviceContexts
 0003:00002370       Controls.GestureMap
 0001:00075888       Controls.GetCaptureControl
 0001:0007CA64       Controls.GetClientSize
 0001:0007E708       Controls.GetControlAtPos
 0001:00087044       Controls.GetDockAlign
 0001:000763CC       Controls.GetDockSiteAtPos
 0001:000766E4       Controls.GetDropCtl
 0001:00084EF0       Controls.GetLastChildZone
 0001:0007573C       Controls.GetLongHint
 0001:000756F4       Controls.GetShortHint
 0001:00075AB8       Controls.GetTopParent
 0001:000870C0       Controls.HideZone
 0001:000756E4       Controls.IdentToCursor
 0003:00002410       Controls.IMM32DLL
 0001:0008808C       Controls.Imm32IsIME
 0001:00088140       Controls.InitControls
 0001:00087C58       Controls.InitIMM32
 0001:00075220       Controls.InitWndProc
 0003:00002338       Controls.InnerStyles
 0001:0007CACC       Controls.InsertBefore
 0001:0007618C       Controls.IsBeforeTargetWindow
 0001:000765CC       Controls.IsDelphiHandle
 0001:00084908       Controls.IsOrientationSet
 0001:00076388       Controls.IsSiteChildOfClient
 0001:000753C0       Controls.IsVCLControl
 0004:00008B20       Controls.IsVCLControlHook
 0001:000893B8       Controls.LatestHintWindow
 0001:000771C4       Controls.ListAdd
 0001:000771EC       Controls.ListRemove
 0003:000023FC       Controls.MakeLast
 0001:0007BAD4       Controls.MinVar
 0003:00002414       Controls.ModeMap
 0004:00008B1C       Controls.Mouse
 0001:000751E4       Controls.MouseOriginToShiftState
 0001:0007723C       Controls.MoveWindowOrg
 0004:00008B28       Controls.NewStyleControls
 0001:000848EC       Controls.NextVisibleZone
 0001:00075330       Controls.ObjectFromHWnd
 0003:000023C4       Controls.Options
 0003:000023F4       Controls.OrientArray
 0003:00002348       Controls.OuterStyles
 0003:00002328       Controls.PaintMessage
 0001:00084D18       Controls.ParentNotLast
 0001:000757D4       Controls.PerformBufferedPrintClient
 0001:00075784       Controls.PerformEraseBackground
 0001:0007DE64       Controls.PointsEqual
 0004:00008B6C       Controls.QualifyingSites
 0001:00085A88       Controls.ReadControlName
 0001:00076518       Controls.RegisterDockSite
 0004:00008B3C       Controls.RM_GetObjectInstance
 0001:000753F0       Controls.SendAppMessage
 0001:000758B0       Controls.SetCaptureControl
 0001:00087FB4       Controls.SetImeMode
 0001:0007B34C       Controls.SetParentColor
 0003:00002330       Controls.ShowFlags
 0001:00087140       Controls.ShowZone
 0003:00002408       Controls.SizeCursors
 0001:00075E8C       Controls.TBaseDragControlObject.Assign
 0001:00075E50       Controls.TBaseDragControlObject.Create
 0001:00075EB8       Controls.TBaseDragControlObject.EndDrag
 0001:00075EE4       Controls.TBaseDragControlObject.Finished
 0001:0007B804       Controls.TControl.ActionChange
 0001:0007BBF8       Controls.TControl.AdjustSize
 0001:0007BA28       Controls.TControl.AssignTo
 0001:0007965C       Controls.TControl.BeginAutoDrag
 0001:00079678       Controls.TControl.BeginDrag
 0001:0007910C       Controls.TControl.BringToFront
 0001:0007A220       Controls.TControl.CalcCursorPos
 0001:0007A3D8       Controls.TControl.CalcDockSizes
 0001:0007A120       Controls.TControl.CanAutoSize
 0001:0007A124       Controls.TControl.CanResize
 0001:00078A5C       Controls.TControl.Changed
 0001:00078A6C       Controls.TControl.ChangeScale
 0001:0007AE7C       Controls.TControl.CheckNewSize
 0001:0007AC50       Controls.TControl.Click
 0001:0007BE34       Controls.TControl.ClientToParent
 0001:00078860       Controls.TControl.ClientToScreen
 0001:0007B4C8       Controls.TControl.CMBiDiModeChanged
 0001:0007B340       Controls.TControl.CMColorChanged
 0001:0007B644       Controls.TControl.CMDesignHitTest
 0001:0007B328       Controls.TControl.CMEnabledChanged
 0001:0007B7A4       Controls.TControl.CMFloat
 0001:0007B334       Controls.TControl.CMFontChanged
 0001:0007B454       Controls.TControl.CMGesture
 0001:0007BC84       Controls.TControl.CMHintShow
 0001:0007B574       Controls.TControl.CMHitTest
 0001:0007C054       Controls.TControl.CMMouseActivate
 0001:0007B57C       Controls.TControl.CMMouseEnter
 0001:0007B5E0       Controls.TControl.CMMouseLeave
 0001:0007B3E4       Controls.TControl.CMMouseWheel
 0001:0007B3C0       Controls.TControl.CMParentBiDiModeChanged
 0001:0007B384       Controls.TControl.CMParentColorChanged
 0001:0007B520       Controls.TControl.CMParentFontChanged
 0001:0007B4E4       Controls.TControl.CMParentShowHintChanged
 0001:0007B64C       Controls.TControl.CMParentTabletOptionsChanged
 0001:0007B550       Controls.TControl.CMSysFontChanged
 0001:0007B300       Controls.TControl.CMVisibleChanged
 0001:0007A1F0       Controls.TControl.ConstrainedResize
 0001:00077AC4       Controls.TControl.Create
 0001:0007B680       Controls.TControl.CreateFloatingDockSite
 0001:0007B700       Controls.TControl.CreateTouchManager
 0001:0007ACC8       Controls.TControl.DblClick
 0001:00079B58       Controls.TControl.DefaultDockImage
 0001:0007A768       Controls.TControl.DefaultHandler
 0001:0007AA70       Controls.TControl.DefineProperties
 0001:0007A24C       Controls.TControl.DesignWndProc
 0001:00077C0C       Controls.TControl.Destroy
 0001:0007B904       Controls.TControl.DoActionChange
 0001:0007A154       Controls.TControl.DoCanAutoSize
 0001:0007A1C0       Controls.TControl.DoCanResize
 0001:0007850C       Controls.TControl.Dock
 0001:00079944       Controls.TControl.DockTrackNoTarget
 0001:0007A280       Controls.TControl.DoConstrainedResize
 0001:0007A114       Controls.TControl.DoConstraintsChange
 0001:0007BDF4       Controls.TControl.DoContextPopup
 0001:0007863C       Controls.TControl.DoDock
 0001:00079CA4       Controls.TControl.DoDragMsg
 0001:0007995C       Controls.TControl.DoEndDock
 0001:00079844       Controls.TControl.DoEndDrag
 0001:00079824       Controls.TControl.DoGesture
 0001:00079828       Controls.TControl.DoGetGestureOptions
 0001:0007C078       Controls.TControl.DoMarginChange
 0001:000799B8       Controls.TControl.DoMouseActivate
 0001:0007AD20       Controls.TControl.DoMouseDown
 0001:0007B0BC       Controls.TControl.DoMouseUp
 0001:000799EC       Controls.TControl.DoMouseWheel
 0001:00079AC0       Controls.TControl.DoMouseWheelDown
 0001:00079B0C       Controls.TControl.DoMouseWheelUp
 0001:00079988       Controls.TControl.DoStartDock
 0001:00079804       Controls.TControl.DoStartDrag
 0001:0007978C       Controls.TControl.DragCanceled
 0001:000797D8       Controls.TControl.DragDrop
 0001:00079790       Controls.TControl.Dragging
 0001:0007979C       Controls.TControl.DragOver
 0001:00079C84       Controls.TControl.DrawDragDockImage
 0001:0007BC18       Controls.TControl.DrawTextBiDiModeFlags
 0001:0007BC58       Controls.TControl.DrawTextBiDiModeFlagsReadingOnly
 0001:00079758       Controls.TControl.EndDrag
 0001:00079C94       Controls.TControl.EraseDragDockImage
 0001:00078F1C       Controls.TControl.FontChanged
 0001:00077DC8       Controls.TControl.GetAction
 0001:0007B928       Controls.TControl.GetActionLinkClass
 0001:0007C09C       Controls.TControl.GetAlignWithMargins
 0001:000786F4       Controls.TControl.GetBoundsRect
 0001:00078790       Controls.TControl.GetClientHeight
 0001:000787D0       Controls.TControl.GetClientOrigin
 0001:00078738       Controls.TControl.GetClientRect
 0001:00078750       Controls.TControl.GetClientWidth
 0001:000795F4       Controls.TControl.GetControlsAlignment
 0001:0007A3B0       Controls.TControl.GetCustomHint
 0001:00079214       Controls.TControl.GetDeviceContext
 0001:0007BB14       Controls.TControl.GetDockEdge
 0001:00077D08       Controls.TControl.GetDragImages
 0001:00077FB8       Controls.TControl.GetDragMode
 0001:00077D0C       Controls.TControl.GetEnabled
 0001:0007BBC4       Controls.TControl.GetFloating
 0001:0007BBF0       Controls.TControl.GetFloatingDockSiteClass
 0001:00078E2C       Controls.TControl.GetLRDockWidth
 0001:000790D4       Controls.TControl.GetMouseCapture
 0001:00077D14       Controls.TControl.GetPalette
 0001:00077D20       Controls.TControl.GetParentComponent
 0001:0007AE78       Controls.TControl.GetPopupMenu
 0001:00078E18       Controls.TControl.GetTBDockHeight
 0001:00078E64       Controls.TControl.GetText
 0001:00078DE4       Controls.TControl.GetTextBuf
 0001:00078DD4       Controls.TControl.GetTextLen
 0001:00078DF0       Controls.TControl.GetUndockHeight
 0001:00078E04       Controls.TControl.GetUndockWidth
 0001:00077D18       Controls.TControl.HasParent
 0001:000794A0       Controls.TControl.Hide
 0001:0007BC74       Controls.TControl.InitiateAction
 0001:000793D8       Controls.TControl.Invalidate
 0001:00079344       Controls.TControl.InvalidateControl
 0001:00077EF4       Controls.TControl.IsAnchorsStored
 0001:00078F90       Controls.TControl.IsBiDiModeStored
 0001:0007B930       Controls.TControl.IsCaptionStored
 0001:00079068       Controls.TControl.IsColorStored
 0001:0007B950       Controls.TControl.IsEnabledStored
 0001:00078F70       Controls.TControl.IsFontStored
 0001:0007B990       Controls.TControl.IsHelpContextStored
 0001:0007B970       Controls.TControl.IsHintStored
 0001:0007B9D0       Controls.TControl.IsOnClickStored
 0001:000795F8       Controls.TControl.IsRightToLeft
 0001:00078F84       Controls.TControl.IsShowHintStored
 0001:00077F0C       Controls.TControl.IsTouchPropertyStored
 0001:0007B9B0       Controls.TControl.IsVisibleStored
 0001:0007B9F0       Controls.TControl.Loaded
 0001:00079D94       Controls.TControl.ManualDock
 0001:00079F80       Controls.TControl.ManualFloat
 0001:000793EC       Controls.TControl.MouseActivate
 0001:0007ACE8       Controls.TControl.MouseDown
 0001:0007AFC8       Controls.TControl.MouseMove
 0001:0007B084       Controls.TControl.MouseUp
 0001:00079434       Controls.TControl.MouseWheelHandler
 0001:00078090       Controls.TControl.Notification
 0001:00077D4C       Controls.TControl.PaletteChanged
 0001:0007BF44       Controls.TControl.ParentToClient
 0001:0007A39C       Controls.TControl.Perform
 0001:0007A388       Controls.TControl.Perform
 0001:0007A354       Controls.TControl.Perform
 0001:00079870       Controls.TControl.PositionDockRect
 0001:0007C174       Controls.TControl.ReadExplicitHeight
 0001:0007C18C       Controls.TControl.ReadExplicitLeft
 0001:0007C15C       Controls.TControl.ReadExplicitTop
 0001:0007C134       Controls.TControl.ReadExplicitWidth
 0001:0007A7FC       Controls.TControl.ReadIsControl
 0001:00077FE0       Controls.TControl.ReadState
 0001:000794EC       Controls.TControl.Refresh
 0001:000794F8       Controls.TControl.Repaint
 0001:0007A020       Controls.TControl.ReplaceDockedControl
 0001:00077FA8       Controls.TControl.RequestAlign
 0001:00077FC0       Controls.TControl.Resize
 0001:0007888C       Controls.TControl.ScaleConstraints
 0001:00078910       Controls.TControl.ScaleMargins
 0001:00078994       Controls.TControl.ScreenToClient
 0001:000789C0       Controls.TControl.SendCancelMode
 0001:000789F0       Controls.TControl.SendDockNotification
 0001:0007911C       Controls.TControl.SendToBack
 0001:00077E78       Controls.TControl.SetAction
 0001:0007810C       Controls.TControl.SetAlign
 0001:0007C0A4       Controls.TControl.SetAlignWithMargins
 0001:00077DD8       Controls.TControl.SetAnchors
 0001:00078C34       Controls.TControl.SetAutoSize
 0001:00078F00       Controls.TControl.SetBiDiMode
 0001:000781F4       Controls.TControl.SetBounds
 0001:00078714       Controls.TControl.SetBoundsRect
 0001:000787A8       Controls.TControl.SetClientHeight
 0001:00078CF0       Controls.TControl.SetClientSize
 0001:00078768       Controls.TControl.SetClientWidth
 0001:0007901C       Controls.TControl.SetColor
 0001:0007BE28       Controls.TControl.SetConstraints
 0001:000790B8       Controls.TControl.SetCursor
 0001:000791DC       Controls.TControl.SetCustomHint
 0001:00077F6C       Controls.TControl.SetDesignVisible
 0001:00077FA4       Controls.TControl.SetDragMode
 0001:00078DBC       Controls.TControl.SetEnabled
 0001:00078F60       Controls.TControl.SetFont
 0001:000784D8       Controls.TControl.SetHeight
 0001:00078694       Controls.TControl.SetHelpContext
 0001:000786A8       Controls.TControl.SetHelpKeyword
 0001:000786CC       Controls.TControl.SetHostDockSite
 0001:0007843C       Controls.TControl.SetLeft
 0001:0007C084       Controls.TControl.SetMargins
 0001:000790E4       Controls.TControl.SetMouseCapture
 0001:00078C4C       Controls.TControl.SetName
 0001:00078D38       Controls.TControl.SetParent
 0001:00079094       Controls.TControl.SetParentBiDiMode
 0001:00079070       Controls.TControl.SetParentColor
 0001:00077D24       Controls.TControl.SetParentComponent
 0001:0007900C       Controls.TControl.SetParentCustomHint
 0001:00078F98       Controls.TControl.SetParentFont
 0001:00078FE0       Controls.TControl.SetParentShowHint
 0001:00078E40       Controls.TControl.SetPopupMenu
 0001:00078FBC       Controls.TControl.SetShowHint
 0001:00078E9C       Controls.TControl.SetText
 0001:00078294       Controls.TControl.SetTextBuf
 0001:00078470       Controls.TControl.SetTop
 0001:0007C090       Controls.TControl.SetTouchManager
 0001:00078D84       Controls.TControl.SetVisible
 0001:000784A4       Controls.TControl.SetWidth
 0001:000791B8       Controls.TControl.SetZOrder
 0001:0007912C       Controls.TControl.SetZOrderPosition
 0001:000794A8       Controls.TControl.Show
 0001:000794D8       Controls.TControl.Update
 0001:000782B8       Controls.TControl.UpdateAnchorRules
 0001:0007A44C       Controls.TControl.UpdateBoundsRect
 0001:0007C0D0       Controls.TControl.UpdateExplicitBounds
 0001:00079628       Controls.TControl.UseRightToLeftAlignment
 0001:00079610       Controls.TControl.UseRightToLeftReading
 0001:00079640       Controls.TControl.UseRightToLeftScrollBar
 0001:0007A47C       Controls.TControl.VisibleChanging
 0001:0007B214       Controls.TControl.WMCancelMode
 0001:0007BCB4       Controls.TControl.WMContextMenu
 0001:0007AE24       Controls.TControl.WMLButtonDblClk
 0001:0007ADBC       Controls.TControl.WMLButtonDown
 0001:0007B100       Controls.TControl.WMLButtonUp
 0001:0007AF9C       Controls.TControl.WMMButtonDblClk
 0001:0007AF70       Controls.TControl.WMMButtonDown
 0001:0007B19C       Controls.TControl.WMMButtonUp
 0001:0007AFFC       Controls.TControl.WMMouseMove
 0001:0007B1BC       Controls.TControl.WMMouseWheel
 0001:0007AE08       Controls.TControl.WMNCLButtonDown
 0001:0007AF44       Controls.TControl.WMRButtonDblClk
 0001:0007AF18       Controls.TControl.WMRButtonDown
 0001:0007B17C       Controls.TControl.WMRButtonUp
 0001:0007B250       Controls.TControl.WMWindowPosChanged
 0001:0007A480       Controls.TControl.WndProc
 0001:0007C114       Controls.TControl.WriteExplicitHeight
 0001:0007C124       Controls.TControl.WriteExplicitLeft
 0001:0007C104       Controls.TControl.WriteExplicitTop
 0001:0007C14C       Controls.TControl.WriteExplicitWidth
 0001:0007A810       Controls.TControl.WriteIsControl
 0001:00077664       Controls.TControlActionLink.AssignClient
 0001:00077680       Controls.TControlActionLink.DoShowHint
 0001:0007777C       Controls.TControlActionLink.IsCaptionLinked
 0001:000777F0       Controls.TControlActionLink.IsDropdownMenuLinked
 0001:00077804       Controls.TControlActionLink.IsEnabledLinked
 0001:00077838       Controls.TControlActionLink.IsEnableDropdownLinked
 0001:000779D8       Controls.TControlActionLink.IsHelpLinked
 0001:0007784C       Controls.TControlActionLink.IsHintLinked
 0001:000778F8       Controls.TControlActionLink.IsOnExecuteLinked
 0001:00077884       Controls.TControlActionLink.IsPopupMenuLinked
 0001:000778C4       Controls.TControlActionLink.IsVisibleLinked
 0001:00077920       Controls.TControlActionLink.SetCaption
 0001:00077940       Controls.TControlActionLink.SetDropdownMenu
 0001:00077944       Controls.TControlActionLink.SetEnabled
 0001:00077964       Controls.TControlActionLink.SetEnableDropdown
 0001:00077A60       Controls.TControlActionLink.SetHelpContext
 0001:00077A40       Controls.TControlActionLink.SetHelpKeyword
 0001:00077A80       Controls.TControlActionLink.SetHelpType
 0001:00077968       Controls.TControlActionLink.SetHint
[...]
   968 0001:000BCE04   969 0001:000BCE15   971 0001:000BCE1C   973 0001:000BCE29
   974 0001:000BCE36   976 0001:000BCE4E   978 0001:000BCE64   980 0001:000BCE6B
   981 0001:000BCE7E   982 0001:000BCE94   984 0001:000BCEAA   985 0001:000BCEB8
   986 0001:000BCEC6   987 0001:000BCED7   988 0001:000BCEE8   989 0001:000BCEF9
   991 0001:000BCF00   993 0001:000BCF0D   994 0001:000BCF1A   996 0001:000BCF32
   998 0001:000BCF48  1000 0001:000BCF4F  1011 0001:000BD324  1012 0001:000BD344
  1013 0001:000BD355  1014 0001:000BD36D  1015 0001:000BD37B  1017 0001:000BD38A
  1019 0001:000BD3A2  1020 0001:000BD3AC  1021 0001:000BD3BB  1022 0001:000BD3C6
  1023 0001:000BD3D1  1024 0001:000BD3DC  1025 0001:000BD3E7  1026 0001:000BD3F2
  1027 0001:000BD3FD  1028 0001:000BD408  1029 0001:000BD413  1030 0001:000BD41E
  1032 0001:000BD429  1034 0001:000BD441  1035 0001:000BD44F  1036 0001:000BD45E
  1037 0001:000BD469  1038 0001:000BD474  1039 0001:000BD47F  1040 0001:000BD48A
  1041 0001:000BD495  1042 0001:000BD4A0  1043 0001:000BD4AB  1044 0001:000BD4B6
  1045 0001:000BD4C1  1047 0001:000BD4CC  1048 0001:000BD4E4  1049 0001:000BD4F2
  1050 0001:000BD501  1051 0001:000BD50C  1052 0001:000BD517  1053 0001:000BD522
  1054 0001:000BD52D  1055 0001:000BD538  1056 0001:000BD543  1057 0001:000BD54E
  1058 0001:000BD559  1059 0001:000BD564  1061 0001:000BD56F  1062 0001:000BD587
  1063 0001:000BD595  1064 0001:000BD5A4  1065 0001:000BD5AF  1066 0001:000BD5BA
  1067 0001:000BD5C5  1068 0001:000BD5D0  1069 0001:000BD5DB  1070 0001:000BD5E6
  1071 0001:000BD5F1  1072 0001:000BD5FC  1073 0001:000BD607  1075 0001:000BD612
  1076 0001:000BD628  1078 0001:000BD63E  1079 0001:000BD653  1081 0001:000BD664
  1083 0001:000BD67B  1084 0001:000BD684  1085 0001:000BD68D  1087 0001:000BD696
  1089 0001:000BD6A0  1090 0001:000BD6B6  1091 0001:000BD6C5  1092 0001:000BD6D4
  1093 0001:000BD6EA  1094 0001:000BD6FC  1095 0001:000BD70B  1096 0001:000BD721
  1097 0001:000BD733  1098 0001:000BD742  1099 0001:000BD758  1100 0001:000BD76D
  1101 0001:000BD77C  1105 0001:000BD794  1108 0001:000BD7AA  1109 0001:000BD7B1
  1110 0001:000BD7B9  1112 0001:000BD7C0  1113 0001:000BD7D3  1114 0001:000BD7E9
  1116 0001:000BD7FF  1117 0001:000BD817  1118 0001:000BD825  1119 0001:000BD836
  1121 0001:000BD845  1122 0001:000BD85A  1124 0001:000BD86B  1126 0001:000BD882
  1127 0001:000BD88B  1128 0001:000BD894  1129 0001:000BD89D  1131 0001:000BD8A6
  1133 0001:000BD8B0  1134 0001:000BD8C6  1135 0001:000BD8D5  1136 0001:000BD8F3
  1137 0001:000BD909  1138 0001:000BD91B  1139 0001:000BD939  1141 0001:000BD94F
  1142 0001:000BD961  1143 0001:000BD97F  1145 0001:000BD995  1146 0001:000BD9AA
  1147 0001:000BD9C8  1151 0001:000BD9E0  1154 0001:000BD9F6  1155 0001:000BD9FD
  1156 0001:000BDA05  1158 0001:000BDA0C  1159 0001:000BDA1F  1160 0001:000BDA35
  1162 0001:000BDA4B  1163 0001:000BDA63  1164 0001:000BDA71  1166 0001:000BDA80
  1167 0001:000BDA95  1169 0001:000BDAA6  1171 0001:000BDABD  1172 0001:000BDAC6
  1173 0001:000BDACF  1175 0001:000BDAD8  1177 0001:000BDAE2  1178 0001:000BDAF8
  1179 0001:000BDB07  1180 0001:000BDB16  1181 0001:000BDB2C  1182 0001:000BDB3E
  1183 0001:000BDB4D  1185 0001:000BDB63  1186 0001:000BDB75  1187 0001:000BDB84
  1189 0001:000BDB9A  1190 0001:000BDBAF  1191 0001:000BDBBE  1195 0001:000BDBD6
  1198 0001:000BDBEC  1199 0001:000BDBF3  1200 0001:000BDBFB  1201 0001:000BDC02
  1236 0001:000BDF34  1237 0001:000BDF5F  1238 0001:000BDF73  1240 0001:000BDF80
  1241 0001:000BDF96  1242 0001:000BDFA8  1243 0001:000BDFBA  1245 0001:000BDFE1
  1246 0001:000BDFFE  1248 0001:000BE016  1249 0001:000BE028  1250 0001:000BE03D
  1252 0001:000BE045  1254 0001:000BE052  1255 0001:000BE06B  1256 0001:000BE06D
  1258 0001:000BE07A  1260 0001:000BE081  1261 0001:000BE08C  1262 0001:000BE09D
  1264 0001:000BE0B3  1265 0001:000BE126  1267 0001:000BE128  1258 0001:000BE12C
  1268 0001:000BE135  1256 0001:000BE13C  1269 0001:000BE146  1270 0001:000BE14A
  1274 0001:000BE165  1277 0001:000BE17E  1278 0001:000BE186  1279 0001:000BE18E
  1280 0001:000BE196  1281 0001:000BE19E  1282 0001:000BE1A6  1284 0001:000BE1AE
  1286 0001:000BE1C6  1296 0001:000BE360  1297 0001:000BE387  1298 0001:000BE398
  1300 0001:000BE3B0  1301 0001:000BE3BA  1302 0001:000BE3C9  1303 0001:000BE3D4
  1304 0001:000BE3DF  1305 0001:000BE3EA  1306 0001:000BE3F5  1307 0001:000BE400
  1308 0001:000BE40B  1309 0001:000BE416  1310 0001:000BE421  1311 0001:000BE42C
  1313 0001:000BE437  1315 0001:000BE44F  1316 0001:000BE45D  1317 0001:000BE46C
  1318 0001:000BE477  1319 0001:000BE482  1320 0001:000BE48D  1321 0001:000BE498
  1322 0001:000BE4A3  1323 0001:000BE4AE  1324 0001:000BE4B9  1325 0001:000BE4C4
  1326 0001:000BE4CF  1328 0001:000BE4DA  1329 0001:000BE4F2  1330 0001:000BE500
  1331 0001:000BE50F  1332 0001:000BE51A  1333 0001:000BE525  1334 0001:000BE530
  1335 0001:000BE53B  1336 0001:000BE546  1337 0001:000BE551  1338 0001:000BE55C
  1339 0001:000BE567  1340 0001:000BE572  1342 0001:000BE57D  1343 0001:000BE595
  1344 0001:000BE5A3  1345 0001:000BE5B2  1346 0001:000BE5BD  1347 0001:000BE5C8
  1348 0001:000BE5D3  1349 0001:000BE5DE  1350 0001:000BE5E9  1351 0001:000BE5F4
  1352 0001:000BE5FF  1353 0001:000BE60A  1354 0001:000BE615  1356 0001:000BE620
  1357 0001:000BE636  1359 0001:000BE64C  1360 0001:000BE661  1362 0001:000BE672
  1364 0001:000BE689  1365 0001:000BE692  1366 0001:000BE69B  1368 0001:000BE6A4
  1370 0001:000BE6AE  1371 0001:000BE6C4  1372 0001:000BE6D3  1373 0001:000BE6E2
  1374 0001:000BE6F8  1375 0001:000BE70A  1376 0001:000BE719  1380 0001:000BE731
  1383 0001:000BE747  1384 0001:000BE74E  1385 0001:000BE756  1387 0001:000BE75D
  1388 0001:000BE770  1389 0001:000BE786  1391 0001:000BE79C  1392 0001:000BE7B1
  1394 0001:000BE7C2  1396 0001:000BE7D9  1397 0001:000BE7E2  1398 0001:000BE7EB
  1399 0001:000BE7F4  1401 0001:000BE7FD  1403 0001:000BE807  1404 0001:000BE81D
  1405 0001:000BE82C  1406 0001:000BE83B  1407 0001:000BE851  1408 0001:000BE863
  1409 0001:000BE872  1411 0001:000BE888  1412 0001:000BE89A  1413 0001:000BE8A9
  1415 0001:000BE8BF  1416 0001:000BE8D4  1417 0001:000BE8E3  1421 0001:000BE8FB
  1424 0001:000BE911  1425 0001:000BE918  1426 0001:000BE920  1428 0001:000BE927
  1435 0001:000BEBB0  1436 0001:000BEBD2  1437 0001:000BEBE3  1438 0001:000BEBFB
  1439 0001:000BEC03  1440 0001:000BEC0C  1441 0001:000BEC15  1442 0001:000BEC1E
  1444 0001:000BEC27  1445 0001:000BEC3F  1446 0001:000BEC47  1447 0001:000BEC50
  1449 0001:000BEC59  1450 0001:000BEC6F  1452 0001:000BEC85  1453 0001:000BEC9E
  1454 0001:000BECAA  1455 0001:000BECC0  1456 0001:000BECCC  1457 0001:000BECD8
  1458 0001:000BECEE  1459 0001:000BECF8  1461 0001:000BECFA  1462 0001:000BED0D
  1464 0001:000BED47  1465 0001:000BED7F  1459 0001:000BED80  1466 0001:000BED89
  1467 0001:000BED95  1469 0001:000BED97  1470 0001:000BEDAA  1472 0001:000BEDE4
  1473 0001:000BEE1C  1467 0001:000BEE1D  1475 0001:000BEE26  1476 0001:000BEE32
  1478 0001:000BEE34  1479 0001:000BEE47  1481 0001:000BEE81  1482 0001:000BEEB9
  1476 0001:000BEEBA  1484 0001:000BEEC3  1485 0001:000BEEDB  1487 0001:000BEEF3
  1488 0001:000BEEFA  1496 0001:000BF224  1497 0001:000BF22D  1499 0001:000BF23E
  1500 0001:000BF253  1501 0001:000BF262  1502 0001:000BF277  1503 0001:000BF28C
  1505 0001:000BF2A4  1506 0001:000BF2BA  1507 0001:000BF2CA  1508 0001:000BF2D9
  1509 0001:000BF2E8  1510 0001:000BF2FE  1511 0001:000BF310  1512 0001:000BF32E
  1514 0001:000BF344  1515 0001:000BF34B  1516 0001:000BF352  1517 0001:000BF359
  1527 0001:000BF3E4  1528 0001:000BF400  1530 0001:000BF411  1531 0001:000BF426
  1532 0001:000BF435  1533 0001:000BF44A  1534 0001:000BF45F  1536 0001:000BF477
  1537 0001:000BF48F  1538 0001:000BF4DE  1539 0001:000BF4EF  1541 0001:000BF500
  1542 0001:000BF51C  1544 0001:000BF534  1546 0001:000BF54A  1547 0001:000BF56C
  1549 0001:000BF584  1551 0001:000BF59A  1552 0001:000BF5A1  1553 0001:000BF5A8
  1554 0001:000BF5B0  1556 0001:000BF5BA  1557 0001:000BF5CD  1558 0001:000BF5E3
  1560 0001:000BF5F9  1561 0001:000BF60E  1562 0001:000BF61D  1563 0001:000BF632
  1564 0001:000BF647  1565 0001:000BF65F  1566 0001:000BF674  1568 0001:000BF68C
  1569 0001:000BF6A4  1570 0001:000BF6F3  1572 0001:000BF704  1574 0001:000BF710
  1576 0001:000BF721  1577 0001:000BF737  1578 0001:000BF749  1580 0001:000BF761
  1582 0001:000BF777  1583 0001:000BF78D  1585 0001:000BF7A5  1587 0001:000BF7BB
  1588 0001:000BF7D1  1590 0001:000BF7E9  1595 0001:000BF801  1598 0001:000BF817
  1599 0001:000BF81E  1600 0001:000BF825  1602 0001:000BF82F  1610 0001:000BFC7C
  1611 0001:000BFCA2  1613 0001:000BFCB6  1614 0001:000BFCCF  1616 0001:000BFCE8
  1617 0001:000BFD00  1618 0001:000BFD09  1619 0001:000BFD16  1620 0001:000BFD1D
  1621 0001:000BFD7A  1622 0001:000BFE44  1623 0001:000BFE4A  1625 0001:000BFE65
  1627 0001:000BFE7E  1628 0001:000BFE94  1629 0001:000BFEAD  1631 0001:000BFEC6
  1632 0001:000BFEDE  1633 0001:000BFEE7  1634 0001:000BFEF4  1635 0001:000BFEFB
  1636 0001:000BFF58  1637 0001:000C0025  1638 0001:000C002B  1640 0001:000C0046
  1642 0001:000C005F  1643 0001:000C0075  1644 0001:000C008E  1646 0001:000C00A7
  1647 0001:000C00BF  1648 0001:000C00C8  1649 0001:000C00D5  1650 0001:000C00DC
  1651 0001:000C0139  1652 0001:000C0206  1653 0001:000C020C  1655 0001:000C0227
  1657 0001:000C0240  1658 0001:000C0256  1659 0001:000C026F  1661 0001:000C0288
  1662 0001:000C02A0  1663 0001:000C02A9  1664 0001:000C02B6  1665 0001:000C02BD
  1666 0001:000C031A  1667 0001:000C03E7  1668 0001:000C03ED  1670 0001:000C0408
  1672 0001:000C0421  1673 0001:000C0437  1674 0001:000C0450  1676 0001:000C0469
  1677 0001:000C0481  1678 0001:000C048A  1680 0001:000C0492  1681 0001:000C049F
  1682 0001:000C04A6  1683 0001:000C0503  1684 0001:000C05D0  1685 0001:000C05D6
  1687 0001:000C05F1  1689 0001:000C060A  1690 0001:000C0620  1691 0001:000C0639
  1693 0001:000C0652  1694 0001:000C066A  1695 0001:000C0673  1697 0001:000C067D
  1698 0001:000C068A  1699 0001:000C0691  1700 0001:000C06EE  1701 0001:000C07BB
  1702 0001:000C07C1  1704 0001:000C07DC  1706 0001:000C07F5  1707 0001:000C080B
  1708 0001:000C0824  1710 0001:000C083D  1711 0001:000C0855  1713 0001:000C085C
  1714 0001:000C0869  1715 0001:000C0870  1716 0001:000C08CD  1717 0001:000C09A3
  1718 0001:000C09A9  1720 0001:000C09C4  1721 0001:000C09DD  1722 0001:000C09F5
  1729 0001:000C0EC4  1730 0001:000C0EC9  1731 0001:000C0EDA  1732 0001:000C0EF0
  1734 0001:000C0F06  1736 0001:000C0F1B  1737 0001:000C0F2D  1738 0001:000C0F42
  1739 0001:000C0F57  1741 0001:000C0F6F  1742 0001:000C0F7F  1743 0001:000C0F96
  1744 0001:000C0FAC  1745 0001:000C0FC6  1746 0001:000C0FDC  1747 0001:000C0FF6
  1748 0001:000C100C  1749 0001:000C1029  1751 0001:000C103F  1752 0001:000C1046
  1754 0001:000C104D  1755 0001:000C1060  1756 0001:000C1076  1758 0001:000C108C
  1759 0001:000C10A1  1760 0001:000C10B3  1761 0001:000C10C8  1763 0001:000C10DD
  1764 0001:000C10ED  1765 0001:000C1104  1766 0001:000C111A  1767 0001:000C1134
  1768 0001:000C114A  1769 0001:000C1164  1771 0001:000C117A  1772 0001:000C1181
  1774 0001:000C1188  1775 0001:000C119B  1776 0001:000C11B1  1778 0001:000C11C7
  1779 0001:000C11DC  1780 0001:000C11EE  1781 0001:000C1203  1783 0001:000C1218
  1784 0001:000C1228  1785 0001:000C123F  1786 0001:000C1255  1787 0001:000C126F
  1788 0001:000C1285  1789 0001:000C129F  1791 0001:000C12B5  1792 0001:000C12BC
  1794 0001:000C12C3  1795 0001:000C12D6  1796 0001:000C12EC  1798 0001:000C1302
  1799 0001:000C1317  1800 0001:000C1329  1801 0001:000C133E  1803 0001:000C1353
  1804 0001:000C1368  1805 0001:000C1380  1807 0001:000C1398  1808 0001:000C13AD
  1809 0001:000C13C5  1811 0001:000C13DD  1812 0001:000C13ED  1813 0001:000C1408
  1814 0001:000C141E  1815 0001:000C1439  1816 0001:000C144F  1817 0001:000C146A
  1819 0001:000C1480  1820 0001:000C149B  1821 0001:000C14B1  1822 0001:000C14CC
  1823 0001:000C14E2  1824 0001:000C14FD  1826 0001:000C1513  1827 0001:000C1531
  1828 0001:000C1547  1829 0001:000C1565  1830 0001:000C157B  1831 0001:000C1599
  1833 0001:000C15AF  1834 0001:000C15B6  1835 0001:000C15BD  1840 0001:000C1A64
  1841 0001:000C1A68  1842 0001:000C1A79  1843 0001:000C1A8F  1845 0001:000C1AA5
  1847 0001:000C1ACB  1848 0001:000C1AE0  1850 0001:000C1AF8  1852 0001:000C1B0E
  1853 0001:000C1B1C  1855 0001:000C1B34  1857 0001:000C1B4A  1858 0001:000C1B5E
  1860 0001:000C1B76  1862 0001:000C1B8C  1863 0001:000C1BA2  1865 0001:000C1BBA
  1867 0001:000C1BD0  1868 0001:000C1BE6  1870 0001:000C1BFE  1872 0001:000C1C14
  1873 0001:000C1C2A  1875 0001:000C1C42  1877 0001:000C1C58  1878 0001:000C1C6E
  1880 0001:000C1C86  1882 0001:000C1C9C  1883 0001:000C1CAF  1885 0001:000C1CC7
  1887 0001:000C1CDD  1888 0001:000C1CE4  1897 0001:000C2064  1898 0001:000C2086
  1945 0001:000C2097  1946 0001:000C20AA  1947 0001:000C20C0  1949 0001:000C20D6
  1950 0001:000C20EE  1951 0001:000C20F6  1952 0001:000C20FF  1953 0001:000C2108
  1954 0001:000C2111  1955 0001:000C211A  1956 0001:000C2123  1957 0001:000C212C
  1958 0001:000C2135  1960 0001:000C213E  1961 0001:000C2156  1962 0001:000C215E
  1963 0001:000C2167  1964 0001:000C2170  1965 0001:000C2179  1966 0001:000C2182
  1968 0001:000C218B  1969 0001:000C219A  1970 0001:000C21AE  1971 0001:000C21C0
  1972 0001:000C21D5  1974 0001:000C21DD  1976 0001:000C2202  1977 0001:000C2218
  1979 0001:000C221C  1981 0001:000C2232  1983 0001:000C224D  1984 0001:000C22B9
  1986 0001:000C22BD  1979 0001:000C22BE  1987 0001:000C22C5  1989 0001:000C22CB
  1992 0001:000C22E3  1996 0001:000C22FB  1998 0001:000C2311  1999 0001:000C2319
  2000 0001:000C2321  2006 0001:000C260C  2007 0001:000C262E  2009 0001:000C263C
  2010 0001:000C2652  2011 0001:000C2668  2012 0001:000C2675  2014 0001:000C2686
  2015 0001:000C2696  2017 0001:000C26AE  2019 0001:000C26C4  2020 0001:000C26D5
  2022 0001:000C26ED  2024 0001:000C2703  2025 0001:000C2714  2027 0001:000C272C
  2029 0001:000C2742  2030 0001:000C2753  2032 0001:000C276B  2034 0001:000C2781
  2036 0001:000C2788  2037 0001:000C279B  2038 0001:000C27B1  2039 0001:000C27C7
  2040 0001:000C27D4  2042 0001:000C27E5  2043 0001:000C27F5  2045 0001:000C280D
  2047 0001:000C2823  2048 0001:000C2834  2050 0001:000C284C  2052 0001:000C2862
  2053 0001:000C2873  2055 0001:000C288B  2057 0001:000C28A1  2058 0001:000C28B2
  2060 0001:000C28CA  2062 0001:000C28E0  2063 0001:000C28F1  2065 0001:000C2909
  2067 0001:000C291F  2069 0001:000C2926  2070 0001:000C2939  2071 0001:000C294F
  2072 0001:000C2965  2073 0001:000C2972  2075 0001:000C2983  2076 0001:000C2993
  2078 0001:000C29AB  2080 0001:000C29C1  2081 0001:000C29D2  2083 0001:000C29EA
  2085 0001:000C2A00  2086 0001:000C2A11  2088 0001:000C2A29  2090 0001:000C2A3F
  2091 0001:000C2A50  2093 0001:000C2A68  2095 0001:000C2A7E  2097 0001:000C2A85
  2098 0001:000C2A98  2099 0001:000C2AAE  2100 0001:000C2AC4  2101 0001:000C2AD1
  2103 0001:000C2AE2  2105 0001:000C2AF2  2106 0001:000C2B08  2108 0001:000C2B3A
  2109 0001:000C2B46  2111 0001:000C2B56  2112 0001:000C2B6C  2113 0001:000C2B9E
  2114 0001:000C2BAA  2116 0001:000C2BBA  2117 0001:000C2BD0  2119 0001:000C2C02
  2120 0001:000C2C0E  2122 0001:000C2C1E  2123 0001:000C2C34  2125 0001:000C2C66
  2126 0001:000C2C72  2128 0001:000C2C81  2129 0001:000C2C97  2131 0001:000C2CC9
  2133 0001:000C2CDD  2134 0001:000C2CF3  2136 0001:000C2CFE  2137 0001:000C2D14
  2153 0001:000C2D48  2156 0001:000C2D5E  2157 0001:000C2D65  2161 0001:000C3380
  2162 0001:000C338E  2167 0001:000C3390  2168 0001:000C3396  2169 0001:000C33A6
  2171 0001:000C33B0

Line numbers for libavutil_avstring(libavutil_avstring.pas) segment .text

   428 0001:00000000

Line numbers for libavutil_bprint(libavutil_bprint.pas) segment .text

   281 0001:00000000

Line numbers for libavformat_avio(libavformat_avio.pas) segment .text

   588 0001:00000000

Line numbers for libavformat(F:\External\ffmpeg-delphi-pascal-headers-2.5.4\headers\libavformat.pas) segment .text

  2922 0001:00000000

Line numbers for libavdevice(F:\External\ffmpeg-delphi-pascal-headers-2.5.4\headers\libavdevice.pas) segment .text

   538 0001:00000000

Line numbers for libavfilter(F:\External\ffmpeg-delphi-pascal-headers-2.5.4\headers\libavfilter.pas) segment .text

  1579 0001:00000000

Line numbers for libavfilter_avcodec(F:\External\ffmpeg-delphi-pascal-headers-2.5.4\headers\libavfilter_avcodec.pas) segment .text

   108 0001:00000000

Line numbers for libavfilter_buffersink(F:\External\ffmpeg-delphi-pascal-headers-2.5.4\headers\libavfilter_buffersink.pas) segment .text

   257 0001:00000000

Line numbers for libavfilter_buffersrc(F:\External\ffmpeg-delphi-pascal-headers-2.5.4\headers\libavfilter_buffersrc.pas) segment .text

   198 0001:00000000

Line numbers for libavfilter_formats(F:\External\ffmpeg-delphi-pascal-headers-2.5.4\headers\libavfilter_formats.pas) segment .text

   315 0001:00000000

Line numbers for libavformat_url(F:\External\ffmpeg-delphi-pascal-headers-2.5.4\headers\libavformat_url.pas) segment .text

   331 0001:00000000

Line numbers for libavutil_audio_fifo(F:\External\ffmpeg-delphi-pascal-headers-2.5.4\headers\libavutil_audio_fifo.pas) segment .text

   196 0001:00000000

Line numbers for libavutil_channel_layout(libavutil_channel_layout.pas) segment .text

   273 0001:00000000

Line numbers for libavutil_common(F:\External\ffmpeg-delphi-pascal-headers-2.5.4\headers\libavutil_common.pas) segment .text

   560 0001:00000000

Line numbers for libavutil_cpu(F:\External\ffmpeg-delphi-pascal-headers-2.5.4\headers\libavutil_cpu.pas) segment .text

   154 0001:00000000

Line numbers for libavutil_eval(F:\External\ffmpeg-delphi-pascal-headers-2.5.4\headers\libavutil_eval.pas) segment .text

   159 0001:00000000

Line numbers for libavutil_fifo(F:\External\ffmpeg-delphi-pascal-headers-2.5.4\headers\libavutil_fifo.pas) segment .text

   205 0001:00000000

Line numbers for libavutil_file(F:\External\ffmpeg-delphi-pascal-headers-2.5.4\headers\libavutil_file.pas) segment .text

   106 0001:00000000

Line numbers for libavutil_pixdesc(F:\External\ffmpeg-delphi-pascal-headers-2.5.4\headers\libavutil_pixdesc.pas) segment .text

   438 0001:00000000

Line numbers for libavutil_imgutils(F:\External\ffmpeg-delphi-pascal-headers-2.5.4\headers\libavutil_imgutils.pas) segment .text

   258 0001:00000000

Line numbers for libavutil_mathematics(F:\External\ffmpeg-delphi-pascal-headers-2.5.4\headers\libavutil_mathematics.pas) segment .text

   193 0001:00000000

Line numbers for libavutil_md5(F:\External\ffmpeg-delphi-pascal-headers-2.5.4\headers\libavutil_md5.pas) segment .text

   124 0001:00000000

Line numbers for libavutil_motion_vector(F:\External\ffmpeg-delphi-pascal-headers-2.5.4\headers\libavutil_motion_vector.pas) segment .text

    90 0001:00000000

Line numbers for libavutil_parseutils(F:\External\ffmpeg-delphi-pascal-headers-2.5.4\headers\libavutil_parseutils.pas) segment .text

   230 0001:00000000

Line numbers for libavutil_time(F:\External\ffmpeg-delphi-pascal-headers-2.5.4\headers\libavutil_time.pas) segment .text

    94 0001:00000000

Line numbers for libavutil_timestamp(F:\External\ffmpeg-delphi-pascal-headers-2.5.4\headers\libavutil_timestamp.pas) segment .text

   156 0001:00000000

Line numbers for libswresample(F:\External\ffmpeg-delphi-pascal-headers-2.5.4\headers\libswresample.pas) segment .text

   582 0001:00000000

Line numbers for libswscale(F:\External\ffmpeg-delphi-pascal-headers-2.5.4\headers\libswscale.pas) segment .text

   406 0001:00000000

Line numbers for ChromaTest(ChromaTest.dpr) segment .itext

    83 0002:00000C74    84 0002:00000C84    85 0002:00000C90    86 0002:00000C9E
    87 0002:00000CB6    88 0002:00000CC2

Bound resource files

c:\program files\embarcadero\rad studio\7.0\lib\Character.res
c:\program files\embarcadero\rad studio\7.0\lib\controls.res
MainUnit.dfm
ChromaTest.res
ChromaTest.drf


Program entry point at 0002:00000C74
